Component: ARM Compiler 5.06 update 3 (build 300) Tool: armlink [4d35c9]

==============================================================================

Section Cross References

    spi1.o(i.CSPin_Init) refers to spi1.o(i.SPI1_CS1Pin_Init) for SPI1_CS1Pin_Init
    spi1.o(i.CSPin_Init) refers to spi1.o(i.SPI1_CS2Pin_Init) for SPI1_CS2Pin_Init
    spi1.o(i.CSPin_Init) refers to spi1.o(i.SPI1_CS3Pin_Init) for SPI1_CS3Pin_Init
    spi1.o(i.SPI1_CS1Pin_Init) refers to stm32f10x_rcc.o(i.RCC_APB2PeriphClockCmd) for RCC_APB2PeriphClockCmd
    spi1.o(i.SPI1_CS1Pin_Init) refers to stm32f10x_gpio.o(i.GPIO_Init) for GPIO_Init
    spi1.o(i.SPI1_CS1Pin_Init) refers to stm32f10x_gpio.o(i.GPIO_SetBits) for GPIO_SetBits
    spi1.o(i.SPI1_Init) refers to stm32f10x_rcc.o(i.RCC_APB2PeriphClockCmd) for RCC_APB2PeriphClockCmd
    spi1.o(i.SPI1_Init) refers to stm32f10x_gpio.o(i.GPIO_Init) for GPIO_Init
    spi1.o(i.SPI1_Init) refers to stm32f10x_spi.o(i.SPI_I2S_DeInit) for SPI_I2S_DeInit
    spi1.o(i.SPI1_Init) refers to stm32f10x_spi.o(i.SPI_Init) for SPI_Init
    spi1.o(i.SPI1_Init) refers to stm32f10x_spi.o(i.SPI_Cmd) for SPI_Cmd
    spi1.o(i.SPI1_Init) refers to spi1.o(.data) for SPI1_InitFlag
    spi1.o(i.SPI1_ReadWriteByte) refers to stm32f10x_spi.o(i.SPI_I2S_GetFlagStatus) for SPI_I2S_GetFlagStatus
    spi1.o(i.SPI1_ReadWriteByte) refers to stm32f10x_spi.o(i.SPI_I2S_SendData) for SPI_I2S_SendData
    spi1.o(i.SPI1_ReadWriteByte) refers to stm32f10x_spi.o(i.SPI_I2S_ReceiveData) for SPI_I2S_ReceiveData
    spi1.o(i.SPI1_SetSpeed) refers to stm32f10x_spi.o(i.SPI_Cmd) for SPI_Cmd
    system_stm32f10x.o(i.SetSysClock) refers to system_stm32f10x.o(i.SetSysClockTo72) for SetSysClockTo72
    system_stm32f10x.o(i.SystemInit) refers to system_stm32f10x.o(i.SetSysClock) for SetSysClock
    diskio.o(i.disk_initialize) refers to mmc_sd.o(i.SD_Initialize) for SD_Initialize
    diskio.o(i.disk_initialize) refers to mmc_sd.o(i.SD_SPI_SpeedLow) for SD_SPI_SpeedLow
    diskio.o(i.disk_initialize) refers to mmc_sd.o(i.SD_SPI_ReadWriteByte) for SD_SPI_ReadWriteByte
    diskio.o(i.disk_initialize) refers to mmc_sd.o(i.SD_SPI_SpeedHigh) for SD_SPI_SpeedHigh
    diskio.o(i.disk_ioctl) refers to stm32f10x_gpio.o(i.GPIO_ResetBits) for GPIO_ResetBits
    diskio.o(i.disk_ioctl) refers to mmc_sd.o(i.SD_WaitReady) for SD_WaitReady
    diskio.o(i.disk_ioctl) refers to stm32f10x_gpio.o(i.GPIO_SetBits) for GPIO_SetBits
    diskio.o(i.disk_ioctl) refers to mmc_sd.o(i.SD_GetSectorCount) for SD_GetSectorCount
    diskio.o(i.disk_read) refers to mmc_sd.o(i.SD_ReadDisk) for SD_ReadDisk
    diskio.o(i.disk_read) refers to mmc_sd.o(i.SD_SPI_SpeedLow) for SD_SPI_SpeedLow
    diskio.o(i.disk_read) refers to mmc_sd.o(i.SD_SPI_ReadWriteByte) for SD_SPI_ReadWriteByte
    diskio.o(i.disk_read) refers to mmc_sd.o(i.SD_SPI_SpeedHigh) for SD_SPI_SpeedHigh
    diskio.o(i.disk_write) refers to mmc_sd.o(i.SD_WriteDisk) for SD_WriteDisk
    mmc_sd.o(i.SD_DisSelect) refers to stm32f10x_gpio.o(i.GPIO_SetBits) for GPIO_SetBits
    mmc_sd.o(i.SD_DisSelect) refers to mmc_sd.o(i.SD_SPI_ReadWriteByte) for SD_SPI_ReadWriteByte
    mmc_sd.o(i.SD_GetCID) refers to mmc_sd.o(i.SD_SendCmd) for SD_SendCmd
    mmc_sd.o(i.SD_GetCID) refers to mmc_sd.o(i.SD_RecvData) for SD_RecvData
    mmc_sd.o(i.SD_GetCID) refers to mmc_sd.o(i.SD_DisSelect) for SD_DisSelect
    mmc_sd.o(i.SD_GetCSD) refers to mmc_sd.o(i.SD_SendCmd) for SD_SendCmd
    mmc_sd.o(i.SD_GetCSD) refers to mmc_sd.o(i.SD_RecvData) for SD_RecvData
    mmc_sd.o(i.SD_GetCSD) refers to mmc_sd.o(i.SD_DisSelect) for SD_DisSelect
    mmc_sd.o(i.SD_GetResponse) refers to mmc_sd.o(i.SD_SPI_ReadWriteByte) for SD_SPI_ReadWriteByte
    mmc_sd.o(i.SD_GetSectorCount) refers to mmc_sd.o(i.SD_GetCSD) for SD_GetCSD
    mmc_sd.o(i.SD_Initialize) refers to spi1.o(i.CSPin_Init) for CSPin_Init
    mmc_sd.o(i.SD_Initialize) refers to spi1.o(i.SPI1_Init) for SPI1_Init
    mmc_sd.o(i.SD_Initialize) refers to mmc_sd.o(i.SD_SPI_SpeedLow) for SD_SPI_SpeedLow
    mmc_sd.o(i.SD_Initialize) refers to mmc_sd.o(i.SD_SPI_ReadWriteByte) for SD_SPI_ReadWriteByte
    mmc_sd.o(i.SD_Initialize) refers to mmc_sd.o(i.SD_SendCmd) for SD_SendCmd
    mmc_sd.o(i.SD_Initialize) refers to mmc_sd.o(i.SD_DisSelect) for SD_DisSelect
    mmc_sd.o(i.SD_Initialize) refers to mmc_sd.o(i.SD_SPI_SpeedHigh) for SD_SPI_SpeedHigh
    mmc_sd.o(i.SD_Initialize) refers to mmc_sd.o(.data) for SD_Type
    mmc_sd.o(i.SD_ReadDisk) refers to mmc_sd.o(i.SD_SendCmd) for SD_SendCmd
    mmc_sd.o(i.SD_ReadDisk) refers to mmc_sd.o(i.SD_RecvData) for SD_RecvData
    mmc_sd.o(i.SD_ReadDisk) refers to mmc_sd.o(i.SD_DisSelect) for SD_DisSelect
    mmc_sd.o(i.SD_ReadDisk) refers to mmc_sd.o(.data) for SD_Type
    mmc_sd.o(i.SD_RecvData) refers to mmc_sd.o(i.SD_GetResponse) for SD_GetResponse
    mmc_sd.o(i.SD_RecvData) refers to spi1.o(i.SPI1_ReadWriteByte) for SPI1_ReadWriteByte
    mmc_sd.o(i.SD_RecvData) refers to mmc_sd.o(i.SD_SPI_ReadWriteByte) for SD_SPI_ReadWriteByte
[...]
    .ARM.Collect$$_printf_percent$$00000001  0x080001a4   Section        6  _printf_n.o(.ARM.Collect$$_printf_percent$$00000001)
    .ARM.Collect$$_printf_percent$$00000002  0x080001aa   Section        6  _printf_p.o(.ARM.Collect$$_printf_percent$$00000002)
    .ARM.Collect$$_printf_percent$$00000003  0x080001b0   Section        6  _printf_f.o(.ARM.Collect$$_printf_percent$$00000003)
    .ARM.Collect$$_printf_percent$$00000004  0x080001b6   Section        6  _printf_e.o(.ARM.Collect$$_printf_percent$$00000004)
    .ARM.Collect$$_printf_percent$$00000005  0x080001bc   Section        6  _printf_g.o(.ARM.Collect$$_printf_percent$$00000005)
    .ARM.Collect$$_printf_percent$$00000006  0x080001c2   Section        6  _printf_a.o(.ARM.Collect$$_printf_percent$$00000006)
    .ARM.Collect$$_printf_percent$$00000007  0x080001c8   Section       10  _printf_ll.o(.ARM.Collect$$_printf_percent$$00000007)
    .ARM.Collect$$_printf_percent$$00000008  0x080001d2   Section        6  _printf_i.o(.ARM.Collect$$_printf_percent$$00000008)
    .ARM.Collect$$_printf_percent$$00000009  0x080001d8   Section        6  _printf_d.o(.ARM.Collect$$_printf_percent$$00000009)
    .ARM.Collect$$_printf_percent$$0000000A  0x080001de   Section        6  _printf_u.o(.ARM.Collect$$_printf_percent$$0000000A)
    .ARM.Collect$$_printf_percent$$0000000B  0x080001e4   Section        6  _printf_o.o(.ARM.Collect$$_printf_percent$$0000000B)
    .ARM.Collect$$_printf_percent$$0000000C  0x080001ea   Section        6  _printf_x.o(.ARM.Collect$$_printf_percent$$0000000C)
    .ARM.Collect$$_printf_percent$$0000000D  0x080001f0   Section        6  _printf_lli.o(.ARM.Collect$$_printf_percent$$0000000D)
    .ARM.Collect$$_printf_percent$$0000000E  0x080001f6   Section        6  _printf_lld.o(.ARM.Collect$$_printf_percent$$0000000E)
    .ARM.Collect$$_printf_percent$$0000000F  0x080001fc   Section        6  _printf_llu.o(.ARM.Collect$$_printf_percent$$0000000F)
    .ARM.Collect$$_printf_percent$$00000010  0x08000202   Section        6  _printf_llo.o(.ARM.Collect$$_printf_percent$$00000010)
    .ARM.Collect$$_printf_percent$$00000011  0x08000208   Section        6  _printf_llx.o(.ARM.Collect$$_printf_percent$$00000011)
    .ARM.Collect$$_printf_percent$$00000012  0x0800020e   Section       10  _printf_l.o(.ARM.Collect$$_printf_percent$$00000012)
    .ARM.Collect$$_printf_percent$$00000013  0x08000218   Section        6  _printf_c.o(.ARM.Collect$$_printf_percent$$00000013)
    .ARM.Collect$$_printf_percent$$00000014  0x0800021e   Section        6  _printf_s.o(.ARM.Collect$$_printf_percent$$00000014)
    .ARM.Collect$$_printf_percent$$00000015  0x08000224   Section        6  _printf_lc.o(.ARM.Collect$$_printf_percent$$00000015)
    .ARM.Collect$$_printf_percent$$00000016  0x0800022a   Section        6  _printf_ls.o(.ARM.Collect$$_printf_percent$$00000016)
    .ARM.Collect$$_printf_percent$$00000017  0x08000230   Section        4  _printf_percent_end.o(.ARM.Collect$$_printf_percent$$00000017)
    .ARM.Collect$$libinit$$00000000          0x08000234   Section        2  libinit.o(.ARM.Collect$$libinit$$00000000)
    .ARM.Collect$$libinit$$00000002          0x08000236   Section        0  libinit2.o(.ARM.Collect$$libinit$$00000002)
    .ARM.Collect$$libinit$$00000004          0x08000236   Section        0  libinit2.o(.ARM.Collect$$libinit$$00000004)
    .ARM.Collect$$libinit$$0000000A          0x08000236   Section        0  libinit2.o(.ARM.Collect$$libinit$$0000000A)
    .ARM.Collect$$libinit$$0000000C          0x08000236   Section        0  libinit2.o(.ARM.Collect$$libinit$$0000000C)
    .ARM.Collect$$libinit$$0000000E          0x08000236   Section        0  libinit2.o(.ARM.Collect$$libinit$$0000000E)
    .ARM.Collect$$libinit$$0000000F          0x08000236   Section        6  libinit2.o(.ARM.Collect$$libinit$$0000000F)
    .ARM.Collect$$libinit$$00000011          0x0800023c   Section        0  libinit2.o(.ARM.Collect$$libinit$$00000011)
    .ARM.Collect$$libinit$$00000012          0x0800023c   Section       12  libinit2.o(.ARM.Collect$$libinit$$00000012)
    .ARM.Collect$$libinit$$00000013          0x08000248   Section        0  libinit2.o(.ARM.Collect$$libinit$$00000013)
    .ARM.Collect$$libinit$$00000015          0x08000248   Section        0  libinit2.o(.ARM.Collect$$libinit$$00000015)
    .ARM.Collect$$libinit$$00000016          0x08000248   Section       10  libinit2.o(.ARM.Collect$$libinit$$00000016)
    .ARM.Collect$$libinit$$00000017          0x08000252   Section        0  libinit2.o(.ARM.Collect$$libinit$$00000017)
    .ARM.Collect$$libinit$$00000019          0x08000252   Section        0  libinit2.o(.ARM.Collect$$libinit$$00000019)
    .ARM.Collect$$libinit$$0000001B          0x08000252   Section        0  libinit2.o(.ARM.Collect$$libinit$$0000001B)
    .ARM.Collect$$libinit$$0000001D          0x08000252   Section        0  libinit2.o(.ARM.Collect$$libinit$$0000001D)
    .ARM.Collect$$libinit$$0000001F          0x08000252   Section        0  libinit2.o(.ARM.Collect$$libinit$$0000001F)
    .ARM.Collect$$libinit$$00000021          0x08000252   Section        0  libinit2.o(.ARM.Collect$$libinit$$00000021)
    .ARM.Collect$$libinit$$00000023          0x08000252   Section        0  libinit2.o(.ARM.Collect$$libinit$$00000023)
    .ARM.Collect$$libinit$$00000025          0x08000252   Section        0  libinit2.o(.ARM.Collect$$libinit$$00000025)
    .ARM.Collect$$libinit$$0000002C          0x08000252   Section        0  libinit2.o(.ARM.Collect$$libinit$$0000002C)
    .ARM.Collect$$libinit$$0000002E          0x08000252   Section        0  libinit2.o(.ARM.Collect$$libinit$$0000002E)
    .ARM.Collect$$libinit$$00000030          0x08000252   Section        0  libinit2.o(.ARM.Collect$$libinit$$00000030)
    .ARM.Collect$$libinit$$00000032          0x08000252   Section        0  libinit2.o(.ARM.Collect$$libinit$$00000032)
    .ARM.Collect$$libinit$$00000033          0x08000252   Section        2  libinit2.o(.ARM.Collect$$libinit$$00000033)
    .ARM.Collect$$libshutdown$$00000000      0x08000254   Section        2  libshutdown.o(.ARM.Collect$$libshutdown$$00000000)
    .ARM.Collect$$libshutdown$$00000002      0x08000256   Section        0  libshutdown2.o(.ARM.Collect$$libshutdown$$00000002)
    .ARM.Collect$$libshutdown$$00000004      0x08000256   Section        0  libshutdown2.o(.ARM.Collect$$libshutdown$$00000004)
    .ARM.Collect$$libshutdown$$00000007      0x08000256   Section        0  libshutdown2.o(.ARM.Collect$$libshutdown$$00000007)
    .ARM.Collect$$libshutdown$$0000000A      0x08000256   Section        0  libshutdown2.o(.ARM.Collect$$libshutdown$$0000000A)
    .ARM.Collect$$libshutdown$$0000000C      0x08000256   Section        0  libshutdown2.o(.ARM.Collect$$libshutdown$$0000000C)
    .ARM.Collect$$libshutdown$$0000000F      0x08000256   Section        0  libshutdown2.o(.ARM.Collect$$libshutdown$$0000000F)
    .ARM.Collect$$libshutdown$$00000010      0x08000256   Section        2  libshutdown2.o(.ARM.Collect$$libshutdown$$00000010)
    .ARM.Collect$$rtentry$$00000000          0x08000258   Section        0  __rtentry.o(.ARM.Collect$$rtentry$$00000000)
    .ARM.Collect$$rtentry$$00000002          0x08000258   Section        0  __rtentry2.o(.ARM.Collect$$rtentry$$00000002)
    .ARM.Collect$$rtentry$$00000004          0x08000258   Section        6  __rtentry4.o(.ARM.Collect$$rtentry$$00000004)
    .ARM.Collect$$rtentry$$00000009          0x0800025e   Section        0  __rtentry2.o(.ARM.Collect$$rtentry$$00000009)
    .ARM.Collect$$rtentry$$0000000A          0x0800025e   Section        4  __rtentry2.o(.ARM.Collect$$rtentry$$0000000A)
    .ARM.Collect$$rtentry$$0000000C          0x08000262   Section        0  __rtentry2.o(.ARM.Collect$$rtentry$$0000000C)
    .ARM.Collect$$rtentry$$0000000D          0x08000262   Section        8  __rtentry2.o(.ARM.Collect$$rtentry$$0000000D)
    .ARM.Collect$$rtexit$$00000000           0x0800026a   Section        2  rtexit.o(.ARM.Collect$$rtexit$$00000000)
    .ARM.Collect$$rtexit$$00000002           0x0800026c   Section        0  rtexit2.o(.ARM.Collect$$rtexit$$00000002)
    .ARM.Collect$$rtexit$$00000003           0x0800026c   Section        4  rtexit2.o(.ARM.Collect$$rtexit$$00000003)
    .ARM.Collect$$rtexit$$00000004           0x08000270   Section        6  rtexit2.o(.ARM.Collect$$rtexit$$00000004)
    .text                                    0x08000278   Section       72  startup_stm32f10x_hd.o(.text)
    .text                                    0x080002c0   Section        2  use_no_semi_2.o(.text)
    .text                                    0x080002c4   Section        0  c89printf.o(.text)
    .text                                    0x080002dc   Section        0  __2printf.o(.text)
    .text                                    0x080002f4   Section        0  _printf_dec.o(.text)
    .text                                    0x0800036c   Section        0  __printf_flags_ss_wp.o(.text)
    .text                                    0x080004f4   Section        0  heapauxi.o(.text)
    .text                                    0x080004fa   Section        2  use_no_semi.o(.text)
    .text                                    0x080004fc   Section        0  _printf_pad.o(.text)
    .text                                    0x0800054a   Section        0  _printf_truncate.o(.text)
    .text                                    0x0800056e   Section        0  _printf_str.o(.text)
    .text                                    0x080005c0   Section        0  _printf_intcommon.o(.text)
    .text                                    0x08000672   Section        0  _printf_charcount.o(.text)
    .text                                    0x0800069c   Section        0  _printf_char_file.o(.text)
    .text                                    0x080006c0   Section        0  _printf_wctomb.o(.text)
    .text                                    0x0800077c   Section        0  _printf_longlong_dec.o(.text)
    .text                                    0x080007f8   Section        0  _printf_oct_int_ll.o(.text)
    _printf_longlong_oct_internal            0x080007f9   Thumb Code     0  _printf_oct_int_ll.o(.text)
    .text                                    0x08000868   Section        0  _printf_hex_int_ll_ptr.o(.text)
    _printf_hex_common                       0x08000869   Thumb Code     0  _printf_hex_int_ll_ptr.o(.text)
    .text                                    0x080008fc   Section      138  lludiv10.o(.text)
    .text                                    0x08000986   Section        0  _printf_fp_dec.o(.text)
    _fp_digits                               0x08000989   Thumb Code   428  _printf_fp_dec.o(.text)
    .text                                    0x08000da0   Section        0  _printf_char_common.o(.text)
    _printf_input_char                       0x08000da1   Thumb Code    10  _printf_char_common.o(.text)
    .text                                    0x08000dd0   Section        0  _printf_char.o(.text)
    .text                                    0x08000dfc   Section        0  _printf_wchar.o(.text)
    .text                                    0x08000e28   Section        0  ferror.o(.text)
    .text                                    0x08000e30   Section        0  _wcrtomb.o(.text)
    .text                                    0x08000e70   Section       74  sys_stackheap_outer.o(.text)
    .text                                    0x08000ebc   Section       16  rt_ctype_table.o(.text)
    .text                                    0x08000ecc   Section        8  rt_locale_intlibspace.o(.text)
    .text                                    0x08000ed4   Section        0  _printf_fp_infnan.o(.text)
    .text                                    0x08000f54   Section        0  bigflt0.o(.text)
    .text                                    0x08001030   Section        0  exit.o(.text)
    .text                                    0x08001044   Section        8  libspace.o(.text)
    .text                                    0x0800104c   Section      128  strcmpv7m.o(.text)
    CL$$btod_d2e                             0x080010cc   Section       62  btod.o(CL$$btod_d2e)
    CL$$btod_d2e_denorm_low                  0x0800110a   Section       70  btod.o(CL$$btod_d2e_denorm_low)
    CL$$btod_d2e_norm_op1                    0x08001150   Section       96  btod.o(CL$$btod_d2e_norm_op1)
    CL$$btod_div_common                      0x080011b0   Section      824  btod.o(CL$$btod_div_common)
    CL$$btod_e2e                             0x080014e8   Section      198  btod.o(CL$$btod_e2e)
    CL$$btod_ediv                            0x080015ae   Section       40  btod.o(CL$$btod_ediv)
    CL$$btod_emul                            0x080015d6   Section       40  btod.o(CL$$btod_emul)
    CL$$btod_mult_common                     0x080015fe   Section      580  btod.o(CL$$btod_mult_common)
    i.BusFault_Handler                       0x08001842   Section        0  stm32f10x_it.o(i.BusFault_Handler)
    i.COM2_Init                              0x08001846   Section        0  usart.o(i.COM2_Init)
    i.CSPin_Init                             0x08001848   Section        0  spi1.o(i.CSPin_Init)
    i.DebugMon_Handler                       0x08001858   Section        0  stm32f10x_it.o(i.DebugMon_Handler)
    i.GPIO_Init                              0x0800185a   Section        0  stm32f10x_gpio.o(i.GPIO_Init)
    i.GPIO_ResetBits                         0x08001970   Section        0  stm32f10x_gpio.o(i.GPIO_ResetBits)
    i.GPIO_SetBits                           0x08001974   Section        0  stm32f10x_gpio.o(i.GPIO_SetBits)
    i.HardFault_Handler                      0x08001978   Section        0  stm32f10x_it.o(i.HardFault_Handler)
    i.MemManage_Handler                      0x0800197c   Section        0  stm32f10x_it.o(i.MemManage_Handler)
    i.NMI_Handler                            0x08001980   Section        0  stm32f10x_it.o(i.NMI_Handler)
    i.PendSV_Handler                         0x08001982   Section        0  stm32f10x_it.o(i.PendSV_Handler)
    i.RCC_APB1PeriphResetCmd                 0x08001984   Section        0  stm32f10x_rcc.o(i.RCC_APB1PeriphResetCmd)
    i.RCC_APB2PeriphClockCmd                 0x080019a4   Section        0  stm32f10x_rcc.o(i.RCC_APB2PeriphClockCmd)
    i.RCC_APB2PeriphResetCmd                 0x080019c4   Section        0  stm32f10x_rcc.o(i.RCC_APB2PeriphResetCmd)
    i.SD_DisSelect                           0x080019e4   Section        0  mmc_sd.o(i.SD_DisSelect)
    i.SD_GetCSD                              0x080019fc   Section        0  mmc_sd.o(i.SD_GetCSD)
    i.SD_GetResponse                         0x08001a26   Section        0  mmc_sd.o(i.SD_GetResponse)
    i.SD_GetSectorCount                      0x08001a4c   Section        0  mmc_sd.o(i.SD_GetSectorCount)
    i.SD_Initialize                          0x08001ac4   Section        0  mmc_sd.o(i.SD_Initialize)
    i.SD_ReadDisk                            0x08001c50   Section        0  mmc_sd.o(i.SD_ReadDisk)
    i.SD_RecvData                            0x08001cc4   Section        0  mmc_sd.o(i.SD_RecvData)
    i.SD_SPI_ReadWriteByte                   0x08001cfc   Section        0  mmc_sd.o(i.SD_SPI_ReadWriteByte)
    i.SD_SPI_SpeedHigh                       0x08001d08   Section        0  mmc_sd.o(i.SD_SPI_SpeedHigh)
    i.SD_SPI_SpeedLow                        0x08001d12   Section        0  mmc_sd.o(i.SD_SPI_SpeedLow)
    i.SD_Select                              0x08001d1c   Section        0  mmc_sd.o(i.SD_Select)
    i.SD_SendBlock                           0x08001d3c   Section        0  mmc_sd.o(i.SD_SendBlock)
    i.SD_SendCmd                             0x08001d8e   Section        0  mmc_sd.o(i.SD_SendCmd)
    i.SD_WaitReady                           0x08001e06   Section        0  mmc_sd.o(i.SD_WaitReady)
    i.SD_WriteDisk                           0x08001e28   Section        0  mmc_sd.o(i.SD_WriteDisk)
    i.SPI1_CS1Pin_Init                       0x08001eb8   Section        0  spi1.o(i.SPI1_CS1Pin_Init)
    i.SPI1_CS2Pin_Init                       0x08001eec   Section        0  spi1.o(i.SPI1_CS2Pin_Init)
    i.SPI1_CS3Pin_Init                       0x08001eee   Section        0  spi1.o(i.SPI1_CS3Pin_Init)
    i.SPI1_Init                              0x08001ef0   Section        0  spi1.o(i.SPI1_Init)
    i.SPI1_ReadWriteByte                     0x08001fd4   Section        0  spi1.o(i.SPI1_ReadWriteByte)
    i.SPI1_SetSpeed                          0x08002028   Section        0  spi1.o(i.SPI1_SetSpeed)
    i.SPI_Cmd                                0x08002050   Section        0  stm32f10x_spi.o(i.SPI_Cmd)
    i.SPI_I2S_DeInit                         0x08002068   Section        0  stm32f10x_spi.o(i.SPI_I2S_DeInit)
    i.SPI_I2S_GetFlagStatus                  0x080020c0   Section        0  stm32f10x_spi.o(i.SPI_I2S_GetFlagStatus)
    i.SPI_I2S_ReceiveData                    0x080020d2   Section        0  stm32f10x_spi.o(i.SPI_I2S_ReceiveData)
    i.SPI_I2S_SendData                       0x080020d8   Section        0  stm32f10x_spi.o(i.SPI_I2S_SendData)
    i.SPI_Init                               0x080020dc   Section        0  stm32f10x_spi.o(i.SPI_Init)
    i.SVC_Handler                            0x08002118   Section        0  stm32f10x_it.o(i.SVC_Handler)
    i.SysTick_Config                         0x0800211c   Section        0  delay.o(i.SysTick_Config)
    SysTick_Config                           0x0800211d   Thumb Code    76  delay.o(i.SysTick_Config)
    i.SysTick_Handler                        0x08002170   Section        0  stm32f10x_it.o(i.SysTick_Handler)
    i.USART2_IRQHandler                      0x08002174   Section        0  stm32f10x_it.o(i.USART2_IRQHandler)
    i.USART_GetITStatus                      0x080021a8   Section        0  stm32f10x_usart.o(i.USART_GetITStatus)
    i.USART_ITConfig                         0x080021fc   Section        0  stm32f10x_usart.o(i.USART_ITConfig)
    i.USART_ReceiveData                      0x08002246   Section        0  stm32f10x_usart.o(i.USART_ReceiveData)
    i.UsageFault_Handler                     0x08002250   Section        0  stm32f10x_it.o(i.UsageFault_Handler)
    i.__ARM_fpclassify                       0x08002254   Section        0  fpclassify.o(i.__ARM_fpclassify)
    i._is_digit                              0x0800227c   Section        0  __printf_wp.o(i._is_digit)
    i._sys_exit                              0x0800228a   Section        0  usart.o(i._sys_exit)
    i.check_fs                               0x08002290   Section        0  ff.o(i.check_fs)
    check_fs                                 0x08002291   Thumb Code   140  ff.o(i.check_fs)
    i.chk_chr                                0x08002320   Section        0  ff.o(i.chk_chr)
    chk_chr                                  0x08002321   Thumb Code    20  ff.o(i.chk_chr)
    i.clust2sect                             0x08002334   Section        0  ff.o(i.clust2sect)
    i.create_chain                           0x0800234e   Section        0  ff.o(i.create_chain)
    create_chain                             0x0800234f   Thumb Code   214  ff.o(i.create_chain)
    i.create_name                            0x08002424   Section        0  ff.o(i.create_name)
    create_name                              0x08002425   Thumb Code   266  ff.o(i.create_name)
    i.delay_ms                               0x08002544   Section        0  delay.o(i.delay_ms)
    i.dir_alloc                              0x0800256c   Section        0  ff.o(i.dir_alloc)
    dir_alloc                                0x0800256d   Thumb Code    92  ff.o(i.dir_alloc)
    i.dir_find                               0x080025c8   Section        0  ff.o(i.dir_find)
    dir_find                                 0x080025c9   Thumb Code    92  ff.o(i.dir_find)
    i.dir_next                               0x08002624   Section        0  ff.o(i.dir_next)
    dir_next                                 0x08002625   Thumb Code   272  ff.o(i.dir_next)
    i.dir_register                           0x08002734   Section        0  ff.o(i.dir_register)
    dir_register                             0x08002735   Thumb Code    58  ff.o(i.dir_register)
    i.dir_sdi                                0x0800276e   Section        0  ff.o(i.dir_sdi)
    dir_sdi                                  0x0800276f   Thumb Code   158  ff.o(i.dir_sdi)
    i.disk_initialize                        0x0800280c   Section        0  diskio.o(i.disk_initialize)
    i.disk_ioctl                             0x08002848   Section        0  diskio.o(i.disk_ioctl)
    i.disk_read                              0x080028b0   Section        0  diskio.o(i.disk_read)
    i.disk_status                            0x0800290e   Section        0  diskio.o(i.disk_status)
    i.disk_write                             0x08002914   Section        0  diskio.o(i.disk_write)
    i.f_close                                0x0800295e   Section        0  ff.o(i.f_close)
    i.f_mount                                0x08002980   Section        0  ff.o(i.f_mount)
    i.f_open                                 0x080029dc   Section        0  ff.o(i.f_open)
    i.f_read                                 0x08002b3e   Section        0  ff.o(i.f_read)
    i.f_sync                                 0x08002ce0   Section        0  ff.o(i.f_sync)
    i.find_volume                            0x08002d90   Section        0  ff.o(i.find_volume)
    find_volume                              0x08002d91   Thumb Code   886  ff.o(i.find_volume)
    i.follow_path                            0x08003118   Section        0  ff.o(i.follow_path)
    follow_path                              0x08003119   Thumb Code   144  ff.o(i.follow_path)
    i.fputc                                  0x080031a8   Section        0  usart.o(i.fputc)
    i.get_fat                                0x080031ac   Section        0  ff.o(i.get_fat)
    i.get_fattime                            0x0800329e   Section        0  diskio.o(i.get_fattime)
    i.get_ldnumber                           0x080032a4   Section        0  ff.o(i.get_ldnumber)
    get_ldnumber                             0x080032a5   Thumb Code   152  ff.o(i.get_ldnumber)
    i.ld_clust                               0x08003340   Section        0  ff.o(i.ld_clust)
    ld_clust                                 0x08003341   Thumb Code    32  ff.o(i.ld_clust)
    i.main                                   0x08003360   Section        0  main.o(i.main)
    i.mem_cmp                                0x080034c4   Section        0  ff.o(i.mem_cmp)
    mem_cmp                                  0x080034c5   Thumb Code    38  ff.o(i.mem_cmp)
    i.mem_cpy                                0x080034ea   Section        0  ff.o(i.mem_cpy)
    mem_cpy                                  0x080034eb   Thumb Code    26  ff.o(i.mem_cpy)
    i.mem_set                                0x08003504   Section        0  ff.o(i.mem_set)
    mem_set                                  0x08003505   Thumb Code    20  ff.o(i.mem_set)
    i.move_window                            0x08003518   Section        0  ff.o(i.move_window)
    move_window                              0x08003519   Thumb Code    52  ff.o(i.move_window)
    i.put_fat                                0x0800354c   Section        0  ff.o(i.put_fat)
    i.remove_chain                           0x0800368e   Section        0  ff.o(i.remove_chain)
    remove_chain                             0x0800368f   Thumb Code   108  ff.o(i.remove_chain)
    i.st_clust                               0x080036fa   Section        0  ff.o(i.st_clust)
    st_clust                                 0x080036fb   Thumb Code    16  ff.o(i.st_clust)
    i.sync_fs                                0x0800370a   Section        0  ff.o(i.sync_fs)
    sync_fs                                  0x0800370b   Thumb Code   200  ff.o(i.sync_fs)
    i.sync_window                            0x080037d2   Section        0  ff.o(i.sync_window)
    sync_window                              0x080037d3   Thumb Code    82  ff.o(i.sync_window)
    i.validate                               0x08003824   Section        0  ff.o(i.validate)
    validate                                 0x08003825   Thumb Code    54  ff.o(i.validate)
    locale$$code                             0x0800385c   Section       44  lc_numeric_c.o(locale$$code)
    locale$$code                             0x08003888   Section       44  lc_ctype_c.o(locale$$code)
    x$fpl$printf1                            0x080038b4   Section        4  printf1.o(x$fpl$printf1)
    .constdata                               0x080038b8   Section      160  ff.o(.constdata)
    x$fpl$usenofp                            0x080038b8   Section        0  usenofp.o(x$fpl$usenofp)
    ExCvt                                    0x080038b8   Data         128  ff.o(.constdata)
    str                                      0x08003938   Data          32  ff.o(.constdata)
    .constdata                               0x08003958   Section       17  __printf_flags_ss_wp.o(.constdata)
    maptable                                 0x08003958   Data          17  __printf_flags_ss_wp.o(.constdata)
    .constdata                               0x0800396c   Section        8  _printf_wctomb.o(.constdata)
    initial_mbstate                          0x0800396c   Data           8  _printf_wctomb.o(.constdata)
    .constdata                               0x08003974   Section       40  _printf_hex_int_ll_ptr.o(.constdata)
    uc_hextab                                0x08003974   Data          20  _printf_hex_int_ll_ptr.o(.constdata)
    lc_hextab                                0x08003988   Data          20  _printf_hex_int_ll_ptr.o(.constdata)
    .constdata                               0x0800399c   Section      148  bigflt0.o(.constdata)
    tenpwrs_x                                0x0800399c   Data          60  bigflt0.o(.constdata)
    tenpwrs_i                                0x080039d8   Data          64  bigflt0.o(.constdata)
    .conststring                             0x08003a30   Section       48  ff.o(.conststring)
    locale$$data                             0x08003a80   Section       28  lc_numeric_c.o(locale$$data)
    __lcnum_c_name                           0x08003a84   Data           2  lc_numeric_c.o(locale$$data)
    __lcnum_c_start                          0x08003a8c   Data           0  lc_numeric_c.o(locale$$data)
    __lcnum_c_point                          0x08003a98   Data           0  lc_numeric_c.o(locale$$data)
    __lcnum_c_thousands                      0x08003a9a   Data           0  lc_numeric_c.o(locale$$data)
    __lcnum_c_grouping                       0x08003a9b   Data           0  lc_numeric_c.o(locale$$data)
    locale$$data                             0x08003a9c   Section      272  lc_ctype_c.o(locale$$data)
    __lcnum_c_end                            0x08003a9c   Data           0  lc_numeric_c.o(locale$$data)
    __lcctype_c_name                         0x08003aa0   Data           2  lc_ctype_c.o(locale$$data)
    __lcctype_c_start                        0x08003aa8   Data           0  lc_ctype_c.o(locale$$data)
    __lcctype_c_end                          0x08003bac   Data           0  lc_ctype_c.o(locale$$data)
    .data                                    0x20000000   Section        4  spi1.o(.data)
    SPI1_InitFlag                            0x20000000   Data           4  spi1.o(.data)
    .data                                    0x20000004   Section        1  mmc_sd.o(.data)
    .data                                    0x20000006   Section        2  delay.o(.data)
    .data                                    0x20000008   Section        8  main.o(.data)
    .data                                    0x20000010   Section        4  usart.o(.data)
    .data                                    0x20000014   Section        6  ff.o(.data)
    FatFs                                    0x20000014   Data           4  ff.o(.data)
    Fsid                                     0x20000018   Data           2  ff.o(.data)
    .bss                                     0x2000001c   Section     1208  main.o(.bss)
    .bss                                     0x200004d4   Section       96  libspace.o(.bss)
    HEAP                                     0x20000538   Section        0  startup_stm32f10x_hd.o(HEAP)
    STACK                                    0x20000538   Section      512  startup_stm32f10x_hd.o(STACK)
    Heap_Mem                                 0x20000538   Data           0  startup_stm32f10x_hd.o(HEAP)
    Stack_Mem                                0x20000538   Data         512  startup_stm32f10x_hd.o(STACK)
    __initial_sp                             0x20000738   Data           0  startup_stm32f10x_hd.o(STACK)

    Global Symbols

    Symbol Name                              Value     Ov Type        Size  Object(Section)

    BuildAttributes$$THM_ISAv4$P$D$K$B$S$PE$A:L22UL41UL21$X:L11$S22US41US21$IEEE1$IW$USESV6$~STKCKD$USESV7$~SHL$OTIME$ROPI$IEEEJ$EBA8$UX$STANDARDLIB$REQ8$PRES8$EABIv2 0x00000000   Number         0  anon$$obj.o ABSOLUTE
    __ARM_use_no_argv                        0x00000000   Number         0  main.o ABSOLUTE
    _printf_flags                            0x00000000   Number         0  printf_stubs.o ABSOLUTE
    _printf_return_value                     0x00000000   Number         0  printf_stubs.o ABSOLUTE
    _printf_sizespec                         0x00000000   Number         0  printf_stubs.o ABSOLUTE
    _printf_widthprec                        0x00000000   Number         0  printf_stubs.o ABSOLUTE
    __ARM_exceptions_init                     - Undefined Weak Reference
    __alloca_initialize                       - Undefined Weak Reference
    __arm_preinit_                            - Undefined Weak Reference
    __cpp_initialize__aeabi_                  - Undefined Weak Reference
    __cxa_finalize                            - Undefined Weak Reference
    __sigvec_lookup                           - Undefined Weak Reference
    _atexit_init                              - Undefined Weak Reference
    _call_atexit_fns                          - Undefined Weak Reference
    _clock_init                               - Undefined Weak Reference
    _fp_trap_init                             - Undefined Weak Reference
    _fp_trap_shutdown                         - Undefined Weak Reference
    _get_lc_collate                           - Undefined Weak Reference
    _get_lc_monetary                          - Undefined Weak Reference
    _get_lc_time                              - Undefined Weak Reference
    _getenv_init                              - Undefined Weak Reference
    _handle_redirection                       - Undefined Weak Reference
    _init_alloc                               - Undefined Weak Reference
    _init_user_alloc                          - Undefined Weak Reference
    _initio                                   - Undefined Weak Reference
    _mutex_acquire                            - Undefined Weak Reference
    _mutex_release                            - Undefined Weak Reference
    _printf_fp_hex                            - Undefined Weak Reference
    _printf_mbtowc                            - Undefined Weak Reference
    _printf_wc                                - Undefined Weak Reference
    _rand_init                                - Undefined Weak Reference
    _signal_finish                            - Undefined Weak Reference
    _signal_init                              - Undefined Weak Reference
    _terminate_alloc                          - Undefined Weak Reference
    _terminate_user_alloc                     - Undefined Weak Reference
    _terminateio                              - Undefined Weak Reference
    __Vectors_Size                           0x00000130   Number         0  startup_stm32f10x_hd.o ABSOLUTE
    __Vectors                                0x08000000   Data           4  startup_stm32f10x_hd.o(RESET)
    __Vectors_End                            0x08000130   Data           0  startup_stm32f10x_hd.o(RESET)
    __main                                   0x08000131   Thumb Code     8  __main.o(!!!main)
    __scatterload                            0x08000139   Thumb Code     0  __scatter.o(!!!scatter)
    __scatterload_rt2                        0x08000139   Thumb Code    44  __scatter.o(!!!scatter)
    __scatterload_rt2_thumb_only             0x08000139   Thumb Code     0  __scatter.o(!!!scatter)
    __scatterload_null                       0x08000147   Thumb Code     0  __scatter.o(!!!scatter)
    __scatterload_copy                       0x0800016d   Thumb Code    26  __scatter_copy.o(!!handler_copy)
    __scatterload_zeroinit                   0x08000189   Thumb Code    28  __scatter_zi.o(!!handler_zi)
    _printf_n                                0x080001a5   Thumb Code     0  _printf_n.o(.ARM.Collect$$_printf_percent$$00000001)
    _printf_percent                          0x080001a5   Thumb Code     0  _printf_percent.o(.ARM.Collect$$_printf_percent$$00000000)
    _printf_p                                0x080001ab   Thumb Code     0  _printf_p.o(.ARM.Collect$$_printf_percent$$00000002)
    _printf_f                                0x080001b1   Thumb Code     0  _printf_f.o(.ARM.Collect$$_printf_percent$$00000003)
    _printf_e                                0x080001b7   Thumb Code     0  _printf_e.o(.ARM.Collect$$_printf_percent$$00000004)
    _printf_g                                0x080001bd   Thumb Code     0  _printf_g.o(.ARM.Collect$$_printf_percent$$00000005)
    _printf_a                                0x080001c3   Thumb Code     0  _printf_a.o(.ARM.Collect$$_printf_percent$$00000006)
    _printf_ll                               0x080001c9   Thumb Code     0  _printf_ll.o(.ARM.Collect$$_printf_percent$$00000007)
    _printf_i                                0x080001d3   Thumb Code     0  _printf_i.o(.ARM.Collect$$_printf_percent$$00000008)
    _printf_d                                0x080001d9   Thumb Code     0  _printf_d.o(.ARM.Collect$$_printf_percent$$00000009)
    _printf_u                                0x080001df   Thumb Code     0  _printf_u.o(.ARM.Collect$$_printf_percent$$0000000A)
    _printf_o                                0x080001e5   Thumb Code     0  _printf_o.o(.ARM.Collect$$_printf_percent$$0000000B)
    _printf_x                                0x080001eb   Thumb Code     0  _printf_x.o(.ARM.Collect$$_printf_percent$$0000000C)
    _printf_lli                              0x080001f1   Thumb Code     0  _printf_lli.o(.ARM.Collect$$_printf_percent$$0000000D)
    _printf_lld                              0x080001f7   Thumb Code     0  _printf_lld.o(.ARM.Collect$$_printf_percent$$0000000E)
    _printf_llu                              0x080001fd   Thumb Code     0  _printf_llu.o(.ARM.Collect$$_printf_percent$$0000000F)
    _printf_llo                              0x08000203   Thumb Code     0  _printf_llo.o(.ARM.Collect$$_printf_percent$$00000010)
    _printf_llx                              0x08000209   Thumb Code     0  _printf_llx.o(.ARM.Collect$$_printf_percent$$00000011)
    _printf_l                                0x0800020f   Thumb Code     0  _printf_l.o(.ARM.Collect$$_printf_percent$$00000012)
    _printf_c                                0x08000219   Thumb Code     0  _printf_c.o(.ARM.Collect$$_printf_percent$$00000013)
    _printf_s                                0x0800021f   Thumb Code     0  _printf_s.o(.ARM.Collect$$_printf_percent$$00000014)
    _printf_lc                               0x08000225   Thumb Code     0  _printf_lc.o(.ARM.Collect$$_printf_percent$$00000015)
    _printf_ls                               0x0800022b   Thumb Code     0  _printf_ls.o(.ARM.Collect$$_printf_percent$$00000016)
    _printf_percent_end                      0x08000231   Thumb Code     0  _printf_percent_end.o(.ARM.Collect$$_printf_percent$$00000017)
    __rt_lib_init                            0x08000235   Thumb Code     0  libinit.o(.ARM.Collect$$libinit$$00000000)
    __rt_lib_init_fp_1                       0x08000237   Thumb Code     0  libinit2.o(.ARM.Collect$$libinit$$00000002)
    __rt_lib_init_heap_1                     0x08000237   Thumb Code     0  libinit2.o(.ARM.Collect$$libinit$$0000000A)
    __rt_lib_init_lc_common                  0x08000237   Thumb Code     0  libinit2.o(.ARM.Collect$$libinit$$0000000F)
    __rt_lib_init_preinit_1                  0x08000237   Thumb Code     0  libinit2.o(.ARM.Collect$$libinit$$00000004)
    __rt_lib_init_rand_1                     0x08000237   Thumb Code     0  libinit2.o(.ARM.Collect$$libinit$$0000000E)
    __rt_lib_init_user_alloc_1               0x08000237   Thumb Code     0  libinit2.o(.ARM.Collect$$libinit$$0000000C)
    __rt_lib_init_lc_collate_1               0x0800023d   Thumb Code     0  libinit2.o(.ARM.Collect$$libinit$$00000011)
    __rt_lib_init_lc_ctype_2                 0x0800023d   Thumb Code     0  libinit2.o(.ARM.Collect$$libinit$$00000012)
    __rt_lib_init_lc_ctype_1                 0x08000249   Thumb Code     0  libinit2.o(.ARM.Collect$$libinit$$00000013)
    __rt_lib_init_lc_monetary_1              0x08000249   Thumb Code     0  libinit2.o(.ARM.Collect$$libinit$$00000015)
    __rt_lib_init_lc_numeric_2               0x08000249   Thumb Code     0  libinit2.o(.ARM.Collect$$libinit$$00000016)
    __rt_lib_init_alloca_1                   0x08000253   Thumb Code     0  libinit2.o(.ARM.Collect$$libinit$$0000002E)
    __rt_lib_init_argv_1                     0x08000253   Thumb Code     0  libinit2.o(.ARM.Collect$$libinit$$0000002C)
    __rt_lib_init_atexit_1                   0x08000253   Thumb Code     0  libinit2.o(.ARM.Collect$$libinit$$0000001B)
    __rt_lib_init_clock_1                    0x08000253   Thumb Code     0  libinit2.o(.ARM.Collect$$libinit$$00000021)
    __rt_lib_init_cpp_1                      0x08000253   Thumb Code     0  libinit2.o(.ARM.Collect$$libinit$$00000032)
    __rt_lib_init_exceptions_1               0x08000253   Thumb Code     0  libinit2.o(.ARM.Collect$$libinit$$00000030)
    __rt_lib_init_fp_trap_1                  0x08000253   Thumb Code     0  libinit2.o(.ARM.Collect$$libinit$$0000001F)
    __rt_lib_init_getenv_1                   0x08000253   Thumb Code     0  libinit2.o(.ARM.Collect$$libinit$$00000023)
    __rt_lib_init_lc_numeric_1               0x08000253   Thumb Code     0  libinit2.o(.ARM.Collect$$libinit$$00000017)
    __rt_lib_init_lc_time_1                  0x08000253   Thumb Code     0  libinit2.o(.ARM.Collect$$libinit$$00000019)
    __rt_lib_init_return                     0x08000253   Thumb Code     0  libinit2.o(.ARM.Collect$$libinit$$00000033)
    __rt_lib_init_signal_1                   0x08000253   Thumb Code     0  libinit2.o(.ARM.Collect$$libinit$$0000001D)
    __rt_lib_init_stdio_1                    0x08000253   Thumb Code     0  libinit2.o(.ARM.Collect$$libinit$$00000025)
    __rt_lib_shutdown                        0x08000255   Thumb Code     0  libshutdown.o(.ARM.Collect$$libshutdown$$00000000)
    __rt_lib_shutdown_cpp_1                  0x08000257   Thumb Code     0  libshutdown2.o(.ARM.Collect$$libshutdown$$00000002)
    __rt_lib_shutdown_fp_trap_1              0x08000257   Thumb Code     0  libshutdown2.o(.ARM.Collect$$libshutdown$$00000007)
    __rt_lib_shutdown_heap_1                 0x08000257   Thumb Code     0  libshutdown2.o(.ARM.Collect$$libshutdown$$0000000F)
    __rt_lib_shutdown_return                 0x08000257   Thumb Code     0  libshutdown2.o(.ARM.Collect$$libshutdown$$00000010)
    __rt_lib_shutdown_signal_1               0x08000257   Thumb Code     0  libshutdown2.o(.ARM.Collect$$libshutdown$$0000000A)
    __rt_lib_shutdown_stdio_1                0x08000257   Thumb Code     0  libshutdown2.o(.ARM.Collect$$libshutdown$$00000004)
    __rt_lib_shutdown_user_alloc_1           0x08000257   Thumb Code     0  libshutdown2.o(.ARM.Collect$$libshutdown$$0000000C)
    __rt_entry                               0x08000259   Thumb Code     0  __rtentry.o(.ARM.Collect$$rtentry$$00000000)
    __rt_entry_presh_1                       0x08000259   Thumb Code     0  __rtentry2.o(.ARM.Collect$$rtentry$$00000002)
    __rt_entry_sh                            0x08000259   Thumb Code     0  __rtentry4.o(.ARM.Collect$$rtentry$$00000004)
    __rt_entry_li                            0x0800025f   Thumb Code     0  __rtentry2.o(.ARM.Collect$$rtentry$$0000000A)
    __rt_entry_postsh_1                      0x0800025f   Thumb Code     0  __rtentry2.o(.ARM.Collect$$rtentry$$00000009)
    __rt_entry_main                          0x08000263   Thumb Code     0  __rtentry2.o(.ARM.Collect$$rtentry$$0000000D)
    __rt_entry_postli_1                      0x08000263   Thumb Code     0  __rtentry2.o(.ARM.Collect$$rtentry$$0000000C)
    __rt_exit                                0x0800026b   Thumb Code     0  rtexit.o(.ARM.Collect$$rtexit$$00000000)
    __rt_exit_ls                             0x0800026d   Thumb Code     0  rtexit2.o(.ARM.Collect$$rtexit$$00000003)
    __rt_exit_prels_1                        0x0800026d   Thumb Code     0  rtexit2.o(.ARM.Collect$$rtexit$$00000002)
    __rt_exit_exit                           0x08000271   Thumb Code     0  rtexit2.o(.ARM.Collect$$rtexit$$00000004)
    SystemInit_ExtMemCtl                     0x08000279   Thumb Code     2  startup_stm32f10x_hd.o(.text)
    Reset_Handler                            0x0800027b   Thumb Code    14  startup_stm32f10x_hd.o(.text)
    ADC1_2_IRQHandler                        0x0800029b   Thumb Code     0  startup_stm32f10x_hd.o(.text)
    ADC3_IRQHandler                          0x0800029b   Thumb Code     0  startup_stm32f10x_hd.o(.text)
    CAN1_RX1_IRQHandler                      0x0800029b   Thumb Code     0  startup_stm32f10x_hd.o(.text)
    CAN1_SCE_IRQHandler                      0x0800029b   Thumb Code     0  startup_stm32f10x_hd.o(.text)
    DMA1_Channel1_IRQHandler                 0x0800029b   Thumb Code     0  startup_stm32f10x_hd.o(.text)
    DMA1_Channel2_IRQHandler                 0x0800029b   Thumb Code     0  startup_stm32f10x_hd.o(.text)
    DMA1_Channel3_IRQHandler                 0x0800029b   Thumb Code     0  startup_stm32f10x_hd.o(.text)
    DMA1_Channel4_IRQHandler                 0x0800029b   Thumb Code     0  startup_stm32f10x_hd.o(.text)
    DMA1_Channel5_IRQHandler                 0x0800029b   Thumb Code     0  startup_stm32f10x_hd.o(.text)
    DMA1_Channel6_IRQHandler                 0x0800029b   Thumb Code     0  startup_stm32f10x_hd.o(.text)
    DMA1_Channel7_IRQHandler                 0x0800029b   Thumb Code     0  startup_stm32f10x_hd.o(.text)
    DMA2_Channel1_IRQHandler                 0x0800029b   Thumb Code     0  startup_stm32f10x_hd.o(.text)
    DMA2_Channel2_IRQHandler                 0x0800029b   Thumb Code     0  startup_stm32f10x_hd.o(.text)
    DMA2_Channel3_IRQHandler                 0x0800029b   Thumb Code     0  startup_stm32f10x_hd.o(.text)
    DMA2_Channel4_5_IRQHandler               0x0800029b   Thumb Code     0  startup_stm32f10x_hd.o(.text)
    EXTI0_IRQHandler                         0x0800029b   Thumb Code     0  startup_stm32f10x_hd.o(.text)
    EXTI15_10_IRQHandler                     0x0800029b   Thumb Code     0  startup_stm32f10x_hd.o(.text)
    EXTI1_IRQHandler                         0x0800029b   Thumb Code     0  startup_stm32f10x_hd.o(.text)
    EXTI2_IRQHandler                         0x0800029b   Thumb Code     0  startup_stm32f10x_hd.o(.text)
    EXTI3_IRQHandler                         0x0800029b   Thumb Code     0  startup_stm32f10x_hd.o(.text)
    EXTI4_IRQHandler                         0x0800029b   Thumb Code     0  startup_stm32f10x_hd.o(.text)
    EXTI9_5_IRQHandler                       0x0800029b   Thumb Code     0  startup_stm32f10x_hd.o(.text)
    FLASH_IRQHandler                         0x0800029b   Thumb Code     0  startup_stm32f10x_hd.o(.text)
    FSMC_IRQHandler                          0x0800029b   Thumb Code     0  startup_stm32f10x_hd.o(.text)
    I2C1_ER_IRQHandler                       0x0800029b   Thumb Code     0  startup_stm32f10x_hd.o(.text)
    I2C1_EV_IRQHandler                       0x0800029b   Thumb Code     0  startup_stm32f10x_hd.o(.text)
    I2C2_ER_IRQHandler                       0x0800029b   Thumb Code     0  startup_stm32f10x_hd.o(.text)
    I2C2_EV_IRQHandler                       0x0800029b   Thumb Code     0  startup_stm32f10x_hd.o(.text)
    PVD_IRQHandler                           0x0800029b   Thumb Code     0  startup_stm32f10x_hd.o(.text)
    RCC_IRQHandler                           0x0800029b   Thumb Code     0  startup_stm32f10x_hd.o(.text)
    RTCAlarm_IRQHandler                      0x0800029b   Thumb Code     0  startup_stm32f10x_hd.o(.text)
    RTC_IRQHandler                           0x0800029b   Thumb Code     0  startup_stm32f10x_hd.o(.text)
    SDIO_IRQHandler                          0x0800029b   Thumb Code     0  startup_stm32f10x_hd.o(.text)
    SPI1_IRQHandler                          0x0800029b   Thumb Code     0  startup_stm32f10x_hd.o(.text)
    SPI2_IRQHandler                          0x0800029b   Thumb Code     0  startup_stm32f10x_hd.o(.text)
    SPI3_IRQHandler                          0x0800029b   Thumb Code     0  startup_stm32f10x_hd.o(.text)
    TAMPER_IRQHandler                        0x0800029b   Thumb Code     0  startup_stm32f10x_hd.o(.text)
    TIM1_BRK_IRQHandler                      0x0800029b   Thumb Code     0  startup_stm32f10x_hd.o(.text)
    TIM1_CC_IRQHandler                       0x0800029b   Thumb Code     0  startup_stm32f10x_hd.o(.text)
    TIM1_TRG_COM_IRQHandler                  0x0800029b   Thumb Code     0  startup_stm32f10x_hd.o(.text)
    TIM1_UP_IRQHandler                       0x0800029b   Thumb Code     0  startup_stm32f10x_hd.o(.text)
    TIM2_IRQHandler                          0x0800029b   Thumb Code     0  startup_stm32f10x_hd.o(.text)
    TIM3_IRQHandler                          0x0800029b   Thumb Code     0  startup_stm32f10x_hd.o(.text)
    TIM4_IRQHandler                          0x0800029b   Thumb Code     0  startup_stm32f10x_hd.o(.text)
    TIM5_IRQHandler                          0x0800029b   Thumb Code     0  startup_stm32f10x_hd.o(.text)
    TIM6_IRQHandler                          0x0800029b   Thumb Code     0  startup_stm32f10x_hd.o(.text)
    TIM7_IRQHandler                          0x0800029b   Thumb Code     0  startup_stm32f10x_hd.o(.text)
    TIM8_BRK_IRQHandler                      0x0800029b   Thumb Code     0  startup_stm32f10x_hd.o(.text)
    TIM8_CC_IRQHandler                       0x0800029b   Thumb Code     0  startup_stm32f10x_hd.o(.text)
    TIM8_TRG_COM_IRQHandler                  0x0800029b   Thumb Code     0  startup_stm32f10x_hd.o(.text)
    TIM8_UP_IRQHandler                       0x0800029b   Thumb Code     0  startup_stm32f10x_hd.o(.text)
    UART4_IRQHandler                         0x0800029b   Thumb Code     0  startup_stm32f10x_hd.o(.text)
    UART5_IRQHandler                         0x0800029b   Thumb Code     0  startup_stm32f10x_hd.o(.text)
    USART1_IRQHandler                        0x0800029b   Thumb Code     0  startup_stm32f10x_hd.o(.text)
    USART3_IRQHandler                        0x0800029b   Thumb Code     0  startup_stm32f10x_hd.o(.text)
    USBWakeUp_IRQHandler                     0x0800029b   Thumb Code     0  startup_stm32f10x_hd.o(.text)
    USB_HP_CAN1_TX_IRQHandler                0x0800029b   Thumb Code     0  startup_stm32f10x_hd.o(.text)
    USB_LP_CAN1_RX0_IRQHandler               0x0800029b   Thumb Code     0  startup_stm32f10x_hd.o(.text)
    WWDG_IRQHandler                          0x0800029b   Thumb Code     0  startup_stm32f10x_hd.o(.text)
    __user_initial_stackheap                 0x0800029d   Thumb Code     0  startup_stm32f10x_hd.o(.text)
    __use_no_semihosting                     0x080002c1   Thumb Code     2  use_no_semi_2.o(.text)
    __c89printf                              0x080002c5   Thumb Code    20  c89printf.o(.text)
    __2printf                                0x080002dd   Thumb Code    20  __2printf.o(.text)
    _printf_int_dec                          0x080002f5   Thumb Code   104  _printf_dec.o(.text)
    __printf                                 0x0800036d   Thumb Code   388  __printf_flags_ss_wp.o(.text)
    __use_two_region_memory                  0x080004f5   Thumb Code     2  heapauxi.o(.text)
    __rt_heap_escrow$2region                 0x080004f7   Thumb Code     2  heapauxi.o(.text)
    __rt_heap_expand$2region                 0x080004f9   Thumb Code     2  heapauxi.o(.text)
    __I$use$semihosting                      0x080004fb   Thumb Code     0  use_no_semi.o(.text)
    __use_no_semihosting_swi                 0x080004fb   Thumb Code     2  use_no_semi.o(.text)
    _printf_pre_padding                      0x080004fd   Thumb Code    44  _printf_pad.o(.text)
    _printf_post_padding                     0x08000529   Thumb Code    34  _printf_pad.o(.text)
    _printf_truncate_signed                  0x0800054b   Thumb Code    18  _printf_truncate.o(.text)
    _printf_truncate_unsigned                0x0800055d   Thumb Code    18  _printf_truncate.o(.text)
    _printf_str                              0x0800056f   Thumb Code    82  _printf_str.o(.text)
    _printf_int_common                       0x080005c1   Thumb Code   178  _printf_intcommon.o(.text)
    _printf_charcount                        0x08000673   Thumb Code    40  _printf_charcount.o(.text)
    _printf_char_file                        0x0800069d   Thumb Code    32  _printf_char_file.o(.text)
    _printf_wctomb                           0x080006c1   Thumb Code   182  _printf_wctomb.o(.text)
    _printf_longlong_dec                     0x0800077d   Thumb Code   108  _printf_longlong_dec.o(.text)
    _printf_longlong_oct                     0x080007f9   Thumb Code    68  _printf_oct_int_ll.o(.text)
    _printf_int_oct                          0x0800083d   Thumb Code    24  _printf_oct_int_ll.o(.text)
    _printf_ll_oct                           0x08000855   Thumb Code    12  _printf_oct_int_ll.o(.text)
    _printf_longlong_hex                     0x08000869   Thumb Code    86  _printf_hex_int_ll_ptr.o(.text)
    _printf_int_hex                          0x080008bf   Thumb Code    28  _printf_hex_int_ll_ptr.o(.text)
    _printf_ll_hex                           0x080008db   Thumb Code    12  _printf_hex_int_ll_ptr.o(.text)
    _printf_hex_ptr                          0x080008e7   Thumb Code    18  _printf_hex_int_ll_ptr.o(.text)
    _ll_udiv10                               0x080008fd   Thumb Code   138  lludiv10.o(.text)
    __lib_sel_fp_printf                      0x08000987   Thumb Code     2  _printf_fp_dec.o(.text)
    _printf_fp_dec_real                      0x08000b35   Thumb Code   620  _printf_fp_dec.o(.text)
    _printf_char_common                      0x08000dab   Thumb Code    32  _printf_char_common.o(.text)
    _printf_cs_common                        0x08000dd1   Thumb Code    20  _printf_char.o(.text)
    _printf_char                             0x08000de5   Thumb Code    16  _printf_char.o(.text)
    _printf_string                           0x08000df5   Thumb Code     8  _printf_char.o(.text)
    _printf_lcs_common                       0x08000dfd   Thumb Code    20  _printf_wchar.o(.text)
    _printf_wchar                            0x08000e11   Thumb Code    16  _printf_wchar.o(.text)
    _printf_wstring                          0x08000e21   Thumb Code     8  _printf_wchar.o(.text)
    ferror                                   0x08000e29   Thumb Code     8  ferror.o(.text)
    _wcrtomb                                 0x08000e31   Thumb Code    64  _wcrtomb.o(.text)
    __user_setup_stackheap                   0x08000e71   Thumb Code    74  sys_stackheap_outer.o(.text)
    __rt_ctype_table                         0x08000ebd   Thumb Code    16  rt_ctype_table.o(.text)
    __rt_locale                              0x08000ecd   Thumb Code     8  rt_locale_intlibspace.o(.text)
    _printf_fp_infnan                        0x08000ed5   Thumb Code   112  _printf_fp_infnan.o(.text)
    _btod_etento                             0x08000f55   Thumb Code   216  bigflt0.o(.text)
    exit                                     0x08001031   Thumb Code    18  exit.o(.text)
    __user_libspace                          0x08001045   Thumb Code     8  libspace.o(.text)
    __user_perproc_libspace                  0x08001045   Thumb Code     0  libspace.o(.text)
    __user_perthread_libspace                0x08001045   Thumb Code     0  libspace.o(.text)
    strcmp                                   0x0800104d   Thumb Code   128  strcmpv7m.o(.text)
    _btod_d2e                                0x080010cd   Thumb Code    62  btod.o(CL$$btod_d2e)
    _d2e_denorm_low                          0x0800110b   Thumb Code    70  btod.o(CL$$btod_d2e_denorm_low)
    _d2e_norm_op1                            0x08001151   Thumb Code    96  btod.o(CL$$btod_d2e_norm_op1)
    __btod_div_common                        0x080011b1   Thumb Code   696  btod.o(CL$$btod_div_common)
    _e2e                                     0x080014e9   Thumb Code   198  btod.o(CL$$btod_e2e)
    _btod_ediv                               0x080015af   Thumb Code    40  btod.o(CL$$btod_ediv)
    _btod_emul                               0x080015d7   Thumb Code    40  btod.o(CL$$btod_emul)
    __btod_mult_common                       0x080015ff   Thumb Code   580  btod.o(CL$$btod_mult_common)
    BusFault_Handler                         0x08001843   Thumb Code     4  stm32f10x_it.o(i.BusFault_Handler)
    COM2_Init                                0x08001847   Thumb Code     2  usart.o(i.COM2_Init)
    CSPin_Init                               0x08001849   Thumb Code    16  spi1.o(i.CSPin_Init)
    DebugMon_Handler                         0x08001859   Thumb Code     2  stm32f10x_it.o(i.DebugMon_Handler)
    GPIO_Init                                0x0800185b   Thumb Code   278  stm32f10x_gpio.o(i.GPIO_Init)
    GPIO_ResetBits                           0x08001971   Thumb Code     4  stm32f10x_gpio.o(i.GPIO_ResetBits)
    GPIO_SetBits                             0x08001975   Thumb Code     4  stm32f10x_gpio.o(i.GPIO_SetBits)
    HardFault_Handler                        0x08001979   Thumb Code     4  stm32f10x_it.o(i.HardFault_Handler)
    MemManage_Handler                        0x0800197d   Thumb Code     4  stm32f10x_it.o(i.MemManage_Handler)
    NMI_Handler                              0x08001981   Thumb Code     2  stm32f10x_it.o(i.NMI_Handler)
    PendSV_Handler                           0x08001983   Thumb Code     2  stm32f10x_it.o(i.PendSV_Handler)
    RCC_APB1PeriphResetCmd                   0x08001985   Thumb Code    26  stm32f10x_rcc.o(i.RCC_APB1PeriphResetCmd)
    RCC_APB2PeriphClockCmd                   0x080019a5   Thumb Code    26  stm32f10x_rcc.o(i.RCC_APB2PeriphClockCmd)
    RCC_APB2PeriphResetCmd                   0x080019c5   Thumb Code    26  stm32f10x_rcc.o(i.RCC_APB2PeriphResetCmd)
    SD_DisSelect                             0x080019e5   Thumb Code    18  mmc_sd.o(i.SD_DisSelect)
    SD_GetCSD                                0x080019fd   Thumb Code    42  mmc_sd.o(i.SD_GetCSD)
    SD_GetResponse                           0x08001a27   Thumb Code    38  mmc_sd.o(i.SD_GetResponse)
    SD_GetSectorCount                        0x08001a4d   Thumb Code   118  mmc_sd.o(i.SD_GetSectorCount)
    SD_Initialize                            0x08001ac5   Thumb Code   390  mmc_sd.o(i.SD_Initialize)
    SD_ReadDisk                              0x08001c51   Thumb Code   112  mmc_sd.o(i.SD_ReadDisk)
    SD_RecvData                              0x08001cc5   Thumb Code    56  mmc_sd.o(i.SD_RecvData)
    SD_SPI_ReadWriteByte                     0x08001cfd   Thumb Code    12  mmc_sd.o(i.SD_SPI_ReadWriteByte)
    SD_SPI_SpeedHigh                         0x08001d09   Thumb Code    10  mmc_sd.o(i.SD_SPI_SpeedHigh)
    SD_SPI_SpeedLow                          0x08001d13   Thumb Code    10  mmc_sd.o(i.SD_SPI_SpeedLow)
    SD_Select                                0x08001d1d   Thumb Code    28  mmc_sd.o(i.SD_Select)
    SD_SendBlock                             0x08001d3d   Thumb Code    82  mmc_sd.o(i.SD_SendBlock)
    SD_SendCmd                               0x08001d8f   Thumb Code   120  mmc_sd.o(i.SD_SendCmd)
    SD_WaitReady                             0x08001e07   Thumb Code    34  mmc_sd.o(i.SD_WaitReady)
    SD_WriteDisk                             0x08001e29   Thumb Code   140  mmc_sd.o(i.SD_WriteDisk)
    SPI1_CS1Pin_Init                         0x08001eb9   Thumb Code    46  spi1.o(i.SPI1_CS1Pin_Init)
    SPI1_CS2Pin_Init                         0x08001eed   Thumb Code     2  spi1.o(i.SPI1_CS2Pin_Init)
    SPI1_CS3Pin_Init                         0x08001eef   Thumb Code     2  spi1.o(i.SPI1_CS3Pin_Init)
    SPI1_Init                                0x08001ef1   Thumb Code   212  spi1.o(i.SPI1_Init)
    SPI1_ReadWriteByte                       0x08001fd5   Thumb Code    78  spi1.o(i.SPI1_ReadWriteByte)
    SPI1_SetSpeed                            0x08002029   Thumb Code    36  spi1.o(i.SPI1_SetSpeed)
    SPI_Cmd                                  0x08002051   Thumb Code    24  stm32f10x_spi.o(i.SPI_Cmd)
    SPI_I2S_DeInit                           0x08002069   Thumb Code    76  stm32f10x_spi.o(i.SPI_I2S_DeInit)
    SPI_I2S_GetFlagStatus                    0x080020c1   Thumb Code    18  stm32f10x_spi.o(i.SPI_I2S_GetFlagStatus)
    SPI_I2S_ReceiveData                      0x080020d3   Thumb Code     6  stm32f10x_spi.o(i.SPI_I2S_ReceiveData)
    SPI_I2S_SendData                         0x080020d9   Thumb Code     4  stm32f10x_spi.o(i.SPI_I2S_SendData)
    SPI_Init                                 0x080020dd   Thumb Code    60  stm32f10x_spi.o(i.SPI_Init)
    SVC_Handler                              0x08002119   Thumb Code     2  stm32f10x_it.o(i.SVC_Handler)
    SysTick_Handler                          0x08002171   Thumb Code     2  stm32f10x_it.o(i.SysTick_Handler)
    USART2_IRQHandler                        0x08002175   Thumb Code    48  stm32f10x_it.o(i.USART2_IRQHandler)
    USART_GetITStatus                        0x080021a9   Thumb Code    84  stm32f10x_usart.o(i.USART_GetITStatus)
    USART_ITConfig                           0x080021fd   Thumb Code    74  stm32f10x_usart.o(i.USART_ITConfig)
    USART_ReceiveData                        0x08002247   Thumb Code    10  stm32f10x_usart.o(i.USART_ReceiveData)
    UsageFault_Handler                       0x08002251   Thumb Code     4  stm32f10x_it.o(i.UsageFault_Handler)
    __ARM_fpclassify                         0x08002255   Thumb Code    40  fpclassify.o(i.__ARM_fpclassify)
    _is_digit                                0x0800227d   Thumb Code    14  __printf_wp.o(i._is_digit)
    _sys_exit                                0x0800228b   Thumb Code     6  usart.o(i._sys_exit)
    clust2sect                               0x08002335   Thumb Code    26  ff.o(i.clust2sect)
    delay_ms                                 0x08002545   Thumb Code    32  delay.o(i.delay_ms)
    disk_initialize                          0x0800280d   Thumb Code    58  diskio.o(i.disk_initialize)
    disk_ioctl                               0x08002849   Thumb Code   100  diskio.o(i.disk_ioctl)
    disk_read                                0x080028b1   Thumb Code    94  diskio.o(i.disk_read)
    disk_status                              0x0800290f   Thumb Code     6  diskio.o(i.disk_status)
    disk_write                               0x08002915   Thumb Code    74  diskio.o(i.disk_write)
    f_close                                  0x0800295f   Thumb Code    32  ff.o(i.f_close)
    f_mount                                  0x08002981   Thumb Code    86  ff.o(i.f_mount)
    f_open                                   0x080029dd   Thumb Code   354  ff.o(i.f_open)
    f_read                                   0x08002b3f   Thumb Code   418  ff.o(i.f_read)
    f_sync                                   0x08002ce1   Thumb Code   176  ff.o(i.f_sync)
    fputc                                    0x080031a9   Thumb Code     4  usart.o(i.fputc)
    get_fat                                  0x080031ad   Thumb Code   242  ff.o(i.get_fat)
    get_fattime                              0x0800329f   Thumb Code     4  diskio.o(i.get_fattime)
    main                                     0x08003361   Thumb Code   158  main.o(i.main)
    put_fat                                  0x0800354d   Thumb Code   322  ff.o(i.put_fat)
    _get_lc_numeric                          0x0800385d   Thumb Code    44  lc_numeric_c.o(locale$$code)
    _get_lc_ctype                            0x08003889   Thumb Code    44  lc_ctype_c.o(locale$$code)
    _printf_fp_dec                           0x080038b5   Thumb Code     4  printf1.o(x$fpl$printf1)
    __I$use$fp                               0x080038b8   Number         0  usenofp.o(x$fpl$usenofp)
    Region$$Table$$Base                      0x08003a60   Number         0  anon$$obj.o(Region$$Table)
    Region$$Table$$Limit                     0x08003a80   Number         0  anon$$obj.o(Region$$Table)
    __ctype                                  0x08003aa9   Data           0  lc_ctype_c.o(locale$$data)
    SD_Type                                  0x20000004   Data           1  mmc_sd.o(.data)
    ntime                                    0x20000006   Data           2  delay.o(.data)
    br1                                      0x20000008   Data           4  main.o(.data)
    file_result                              0x2000000c   Data           4  main.o(.data)
    __stdout                                 0x20000010   Data           4  usart.o(.data)
    my_fs                                    0x2000001c   Data         560  main.o(.bss)
    my_file                                  0x2000024c   Data         548  main.o(.bss)
    read_string                              0x20000470   Data         100  main.o(.bss)
    __libspace_start                         0x200004d4   Data          96  libspace.o(.bss)
    __temporary_stack_top$libspace           0x20000534   Data           0  libspace.o(.bss)



==============================================================================

Memory Map of the image

  Image Entry point : 0x08000131

  Load Region LR_IROM1 (Base: 0x08000000, Size: 0x00003bc8, Max: 0x00010000, ABSOLUTE)

    Execution Region ER_IROM1 (Base: 0x08000000, Size: 0x00003bac, Max: 0x00010000, ABSOLUTE)

    Base Addr    Size         Type   Attr      Idx    E Section Name        Object

    0x08000000   0x00000130   Data   RO          342    RESET               startup_stm32f10x_hd.o
    0x08000130   0x00000008   Code   RO         3950  * !!!main             c_w.l(__main.o)
    0x08000138   0x00000034   Code   RO         4238    !!!scatter          c_w.l(__scatter.o)
    0x0800016c   0x0000001a   Code   RO         4240    !!handler_copy      c_w.l(__scatter_copy.o)
    0x08000186   0x00000002   PAD
    0x08000188   0x0000001c   Code   RO         4242    !!handler_zi        c_w.l(__scatter_zi.o)
    0x080001a4   0x00000000   Code   RO         3947    .ARM.Collect$$_printf_percent$$00000000  c_w.l(_printf_percent.o)
    0x080001a4   0x00000006   Code   RO         4001    .ARM.Collect$$_printf_percent$$00000001  c_w.l(_printf_n.o)
    0x080001aa   0x00000006   Code   RO         4003    .ARM.Collect$$_printf_percent$$00000002  c_w.l(_printf_p.o)
    0x080001b0   0x00000006   Code   RO         4007    .ARM.Collect$$_printf_percent$$00000003  c_w.l(_printf_f.o)
    0x080001b6   0x00000006   Code   RO         4008    .ARM.Collect$$_printf_percent$$00000004  c_w.l(_printf_e.o)
    0x080001bc   0x00000006   Code   RO         4009    .ARM.Collect$$_printf_percent$$00000005  c_w.l(_printf_g.o)
    0x080001c2   0x00000006   Code   RO         4010    .ARM.Collect$$_printf_percent$$00000006  c_w.l(_printf_a.o)
    0x080001c8   0x0000000a   Code   RO         4015    .ARM.Collect$$_printf_percent$$00000007  c_w.l(_printf_ll.o)
    0x080001d2   0x00000006   Code   RO         4005    .ARM.Collect$$_printf_percent$$00000008  c_w.l(_printf_i.o)
    0x080001d8   0x00000006   Code   RO         3946    .ARM.Collect$$_printf_percent$$00000009  c_w.l(_printf_d.o)
    0x080001de   0x00000006   Code   RO         4006    .ARM.Collect$$_printf_percent$$0000000A  c_w.l(_printf_u.o)
    0x080001e4   0x00000006   Code   RO         4004    .ARM.Collect$$_printf_percent$$0000000B  c_w.l(_printf_o.o)
    0x080001ea   0x00000006   Code   RO         4002    .ARM.Collect$$_printf_percent$$0000000C  c_w.l(_printf_x.o)
    0x080001f0   0x00000006   Code   RO         4012    .ARM.Collect$$_printf_percent$$0000000D  c_w.l(_printf_lli.o)
    0x080001f6   0x00000006   Code   RO         4013    .ARM.Collect$$_printf_percent$$0000000E  c_w.l(_printf_lld.o)
    0x080001fc   0x00000006   Code   RO         4014    .ARM.Collect$$_printf_percent$$0000000F  c_w.l(_printf_llu.o)
    0x08000202   0x00000006   Code   RO         4019    .ARM.Collect$$_printf_percent$$00000010  c_w.l(_printf_llo.o)
    0x08000208   0x00000006   Code   RO         4020    .ARM.Collect$$_printf_percent$$00000011  c_w.l(_printf_llx.o)
    0x0800020e   0x0000000a   Code   RO         4016    .ARM.Collect$$_printf_percent$$00000012  c_w.l(_printf_l.o)
    0x08000218   0x00000006   Code   RO         3999    .ARM.Collect$$_printf_percent$$00000013  c_w.l(_printf_c.o)
    0x0800021e   0x00000006   Code   RO         4000    .ARM.Collect$$_printf_percent$$00000014  c_w.l(_printf_s.o)
    0x08000224   0x00000006   Code   RO         4017    .ARM.Collect$$_printf_percent$$00000015  c_w.l(_printf_lc.o)
    0x0800022a   0x00000006   Code   RO         4018    .ARM.Collect$$_printf_percent$$00000016  c_w.l(_printf_ls.o)
    0x08000230   0x00000004   Code   RO         4011    .ARM.Collect$$_printf_percent$$00000017  c_w.l(_printf_percent_end.o)
    0x08000234   0x00000002   Code   RO         4102    .ARM.Collect$$libinit$$00000000  c_w.l(libinit.o)
    0x08000236   0x00000000   Code   RO         4119    .ARM.Collect$$libinit$$00000002  c_w.l(libinit2.o)
    0x08000236   0x00000000   Code   RO         4121    .ARM.Collect$$libinit$$00000004  c_w.l(libinit2.o)
    0x08000236   0x00000000   Code   RO         4124    .ARM.Collect$$libinit$$0000000A  c_w.l(libinit2.o)
    0x08000236   0x00000000   Code   RO         4126    .ARM.Collect$$libinit$$0000000C  c_w.l(libinit2.o)
    0x08000236   0x00000000   Code   RO         4128    .ARM.Collect$$libinit$$0000000E  c_w.l(libinit2.o)
    0x08000236   0x00000006   Code   RO         4129    .ARM.Collect$$libinit$$0000000F  c_w.l(libinit2.o)
    0x0800023c   0x00000000   Code   RO         4131    .ARM.Collect$$libinit$$00000011  c_w.l(libinit2.o)
    0x0800023c   0x0000000c   Code   RO         4132    .ARM.Collect$$libinit$$00000012  c_w.l(libinit2.o)
    0x08000248   0x00000000   Code   RO         4133    .ARM.Collect$$libinit$$00000013  c_w.l(libinit2.o)
    0x08000248   0x00000000   Code   RO         4135    .ARM.Collect$$libinit$$00000015  c_w.l(libinit2.o)
    0x08000248   0x0000000a   Code   RO         4136    .ARM.Collect$$libinit$$00000016  c_w.l(libinit2.o)
    0x08000252   0x00000000   Code   RO         4137    .ARM.Collect$$libinit$$00000017  c_w.l(libinit2.o)
    0x08000252   0x00000000   Code   RO         4139    .ARM.Collect$$libinit$$00000019  c_w.l(libinit2.o)
    0x08000252   0x00000000   Code   RO         4141    .ARM.Collect$$libinit$$0000001B  c_w.l(libinit2.o)
    0x08000252   0x00000000   Code   RO         4143    .ARM.Collect$$libinit$$0000001D  c_w.l(libinit2.o)
    0x08000252   0x00000000   Code   RO         4145    .ARM.Collect$$libinit$$0000001F  c_w.l(libinit2.o)
    0x08000252   0x00000000   Code   RO         4147    .ARM.Collect$$libinit$$00000021  c_w.l(libinit2.o)
    0x08000252   0x00000000   Code   RO         4149    .ARM.Collect$$libinit$$00000023  c_w.l(libinit2.o)
    0x08000252   0x00000000   Code   RO         4151    .ARM.Collect$$libinit$$00000025  c_w.l(libinit2.o)
    0x08000252   0x00000000   Code   RO         4155    .ARM.Collect$$libinit$$0000002C  c_w.l(libinit2.o)
    0x08000252   0x00000000   Code   RO         4157    .ARM.Collect$$libinit$$0000002E  c_w.l(libinit2.o)
    0x08000252   0x00000000   Code   RO         4159    .ARM.Collect$$libinit$$00000030  c_w.l(libinit2.o)
    0x08000252   0x00000000   Code   RO         4161    .ARM.Collect$$libinit$$00000032  c_w.l(libinit2.o)
    0x08000252   0x00000002   Code   RO         4162    .ARM.Collect$$libinit$$00000033  c_w.l(libinit2.o)
    0x08000254   0x00000002   Code   RO         4180    .ARM.Collect$$libshutdown$$00000000  c_w.l(libshutdown.o)
    0x08000256   0x00000000   Code   RO         4190    .ARM.Collect$$libshutdown$$00000002  c_w.l(libshutdown2.o)
    0x08000256   0x00000000   Code   RO         4192    .ARM.Collect$$libshutdown$$00000004  c_w.l(libshutdown2.o)
    0x08000256   0x00000000   Code   RO         4195    .ARM.Collect$$libshutdown$$00000007  c_w.l(libshutdown2.o)
    0x08000256   0x00000000   Code   RO         4198    .ARM.Collect$$libshutdown$$0000000A  c_w.l(libshutdown2.o)
    0x08000256   0x00000000   Code   RO         4200    .ARM.Collect$$libshutdown$$0000000C  c_w.l(libshutdown2.o)
    0x08000256   0x00000000   Code   RO         4203    .ARM.Collect$$libshutdown$$0000000F  c_w.l(libshutdown2.o)
    0x08000256   0x00000002   Code   RO         4204    .ARM.Collect$$libshutdown$$00000010  c_w.l(libshutdown2.o)
    0x08000258   0x00000000   Code   RO         3954    .ARM.Collect$$rtentry$$00000000  c_w.l(__rtentry.o)
    0x08000258   0x00000000   Code   RO         4024    .ARM.Collect$$rtentry$$00000002  c_w.l(__rtentry2.o)
    0x08000258   0x00000006   Code   RO         4036    .ARM.Collect$$rtentry$$00000004  c_w.l(__rtentry4.o)
    0x0800025e   0x00000000   Code   RO         4026    .ARM.Collect$$rtentry$$00000009  c_w.l(__rtentry2.o)
    0x0800025e   0x00000004   Code   RO         4027    .ARM.Collect$$rtentry$$0000000A  c_w.l(__rtentry2.o)
    0x08000262   0x00000000   Code   RO         4029    .ARM.Collect$$rtentry$$0000000C  c_w.l(__rtentry2.o)
    0x08000262   0x00000008   Code   RO         4030    .ARM.Collect$$rtentry$$0000000D  c_w.l(__rtentry2.o)
    0x0800026a   0x00000002   Code   RO         4111    .ARM.Collect$$rtexit$$00000000  c_w.l(rtexit.o)
    0x0800026c   0x00000000   Code   RO         4164    .ARM.Collect$$rtexit$$00000002  c_w.l(rtexit2.o)
    0x0800026c   0x00000004   Code   RO         4165    .ARM.Collect$$rtexit$$00000003  c_w.l(rtexit2.o)
    0x08000270   0x00000006   Code   RO         4166    .ARM.Collect$$rtexit$$00000004  c_w.l(rtexit2.o)
    0x08000276   0x00000002   PAD
    0x08000278   0x00000048   Code   RO          343    .text               startup_stm32f10x_hd.o
    0x080002c0   0x00000002   Code   RO         3914    .text               c_w.l(use_no_semi_2.o)
    0x080002c2   0x00000002   PAD
    0x080002c4   0x00000018   Code   RO         3916    .text               c_w.l(c89printf.o)
    0x080002dc   0x00000018   Code   RO         3918    .text               c_w.l(__2printf.o)
    0x080002f4   0x00000078   Code   RO         3924    .text               c_w.l(_printf_dec.o)
    0x0800036c   0x00000188   Code   RO         3943    .text               c_w.l(__printf_flags_ss_wp.o)
    0x080004f4   0x00000006   Code   RO         3948    .text               c_w.l(heapauxi.o)
    0x080004fa   0x00000002   Code   RO         3952    .text               c_w.l(use_no_semi.o)
    0x080004fc   0x0000004e   Code   RO         3955    .text               c_w.l(_printf_pad.o)
    0x0800054a   0x00000024   Code   RO         3957    .text               c_w.l(_printf_truncate.o)
    0x0800056e   0x00000052   Code   RO         3959    .text               c_w.l(_printf_str.o)
    0x080005c0   0x000000b2   Code   RO         3961    .text               c_w.l(_printf_intcommon.o)
    0x08000672   0x00000028   Code   RO         3963    .text               c_w.l(_printf_charcount.o)
    0x0800069a   0x00000002   PAD
    0x0800069c   0x00000024   Code   RO         3965    .text               c_w.l(_printf_char_file.o)
    0x080006c0   0x000000bc   Code   RO         3967    .text               c_w.l(_printf_wctomb.o)
    0x0800077c   0x0000007c   Code   RO         3970    .text               c_w.l(_printf_longlong_dec.o)
    0x080007f8   0x00000070   Code   RO         3976    .text               c_w.l(_printf_oct_int_ll.o)
    0x08000868   0x00000094   Code   RO         3996    .text               c_w.l(_printf_hex_int_ll_ptr.o)
    0x080008fc   0x0000008a   Code   RO         4038    .text               c_w.l(lludiv10.o)
    0x08000986   0x0000041a   Code   RO         4040    .text               c_w.l(_printf_fp_dec.o)
    0x08000da0   0x00000030   Code   RO         4042    .text               c_w.l(_printf_char_common.o)
    0x08000dd0   0x0000002c   Code   RO         4044    .text               c_w.l(_printf_char.o)
    0x08000dfc   0x0000002c   Code   RO         4046    .text               c_w.l(_printf_wchar.o)
    0x08000e28   0x00000008   Code   RO         4048    .text               c_w.l(ferror.o)
    0x08000e30   0x00000040   Code   RO         4052    .text               c_w.l(_wcrtomb.o)
    0x08000e70   0x0000004a   Code   RO         4054    .text               c_w.l(sys_stackheap_outer.o)
    0x08000eba   0x00000002   PAD
    0x08000ebc   0x00000010   Code   RO         4056    .text               c_w.l(rt_ctype_table.o)
    0x08000ecc   0x00000008   Code   RO         4061    .text               c_w.l(rt_locale_intlibspace.o)
    0x08000ed4   0x00000080   Code   RO         4063    .text               c_w.l(_printf_fp_infnan.o)
    0x08000f54   0x000000dc   Code   RO         4067    .text               c_w.l(bigflt0.o)
    0x08001030   0x00000012   Code   RO         4095    .text               c_w.l(exit.o)
    0x08001042   0x00000002   PAD
    0x08001044   0x00000008   Code   RO         4108    .text               c_w.l(libspace.o)
    0x0800104c   0x00000080   Code   RO         4116    .text               c_w.l(strcmpv7m.o)
    0x080010cc   0x0000003e   Code   RO         4070    CL$$btod_d2e        c_w.l(btod.o)
    0x0800110a   0x00000046   Code   RO         4072    CL$$btod_d2e_denorm_low  c_w.l(btod.o)
    0x08001150   0x00000060   Code   RO         4071    CL$$btod_d2e_norm_op1  c_w.l(btod.o)
    0x080011b0   0x00000338   Code   RO         4080    CL$$btod_div_common  c_w.l(btod.o)
    0x080014e8   0x000000c6   Code   RO         4077    CL$$btod_e2e        c_w.l(btod.o)
    0x080015ae   0x00000028   Code   RO         4074    CL$$btod_ediv       c_w.l(btod.o)
    0x080015d6   0x00000028   Code   RO         4073    CL$$btod_emul       c_w.l(btod.o)
    0x080015fe   0x00000244   Code   RO         4079    CL$$btod_mult_common  c_w.l(btod.o)
    0x08001842   0x00000004   Code   RO         3471    i.BusFault_Handler  stm32f10x_it.o
    0x08001846   0x00000002   Code   RO         3558    i.COM2_Init         usart.o
    0x08001848   0x00000010   Code   RO            1    i.CSPin_Init        spi1.o
    0x08001858   0x00000002   Code   RO         3475    i.DebugMon_Handler  stm32f10x_it.o
    0x0800185a   0x00000116   Code   RO         1512    i.GPIO_Init         stm32f10x_gpio.o
    0x08001970   0x00000004   Code   RO         1519    i.GPIO_ResetBits    stm32f10x_gpio.o
    0x08001974   0x00000004   Code   RO         1520    i.GPIO_SetBits      stm32f10x_gpio.o
    0x08001978   0x00000004   Code   RO         3476    i.HardFault_Handler  stm32f10x_it.o
    0x0800197c   0x00000004   Code   RO         3477    i.MemManage_Handler  stm32f10x_it.o
    0x08001980   0x00000002   Code   RO         3478    i.NMI_Handler       stm32f10x_it.o
    0x08001982   0x00000002   Code   RO         3479    i.PendSV_Handler    stm32f10x_it.o
    0x08001984   0x00000020   Code   RO         1930    i.RCC_APB1PeriphResetCmd  stm32f10x_rcc.o
    0x080019a4   0x00000020   Code   RO         1931    i.RCC_APB2PeriphClockCmd  stm32f10x_rcc.o
    0x080019c4   0x00000020   Code   RO         1932    i.RCC_APB2PeriphResetCmd  stm32f10x_rcc.o
    0x080019e4   0x00000018   Code   RO          232    i.SD_DisSelect      mmc_sd.o
    0x080019fc   0x0000002a   Code   RO          234    i.SD_GetCSD         mmc_sd.o
    0x08001a26   0x00000026   Code   RO          235    i.SD_GetResponse    mmc_sd.o
    0x08001a4c   0x00000076   Code   RO          236    i.SD_GetSectorCount  mmc_sd.o
    0x08001ac2   0x00000002   PAD
    0x08001ac4   0x0000018c   Code   RO          237    i.SD_Initialize     mmc_sd.o
    0x08001c50   0x00000074   Code   RO          238    i.SD_ReadDisk       mmc_sd.o
    0x08001cc4   0x00000038   Code   RO          239    i.SD_RecvData       mmc_sd.o
    0x08001cfc   0x0000000c   Code   RO          240    i.SD_SPI_ReadWriteByte  mmc_sd.o
    0x08001d08   0x0000000a   Code   RO          241    i.SD_SPI_SpeedHigh  mmc_sd.o
    0x08001d12   0x0000000a   Code   RO          242    i.SD_SPI_SpeedLow   mmc_sd.o
    0x08001d1c   0x00000020   Code   RO          243    i.SD_Select         mmc_sd.o
    0x08001d3c   0x00000052   Code   RO          244    i.SD_SendBlock      mmc_sd.o
    0x08001d8e   0x00000078   Code   RO          245    i.SD_SendCmd        mmc_sd.o
    0x08001e06   0x00000022   Code   RO          246    i.SD_WaitReady      mmc_sd.o
    0x08001e28   0x00000090   Code   RO          247    i.SD_WriteDisk      mmc_sd.o
    0x08001eb8   0x00000034   Code   RO            2    i.SPI1_CS1Pin_Init  spi1.o
    0x08001eec   0x00000002   Code   RO            3    i.SPI1_CS2Pin_Init  spi1.o
    0x08001eee   0x00000002   Code   RO            4    i.SPI1_CS3Pin_Init  spi1.o
    0x08001ef0   0x000000e4   Code   RO            5    i.SPI1_Init         spi1.o
    0x08001fd4   0x00000054   Code   RO            6    i.SPI1_ReadWriteByte  spi1.o
    0x08002028   0x00000028   Code   RO            7    i.SPI1_SetSpeed     spi1.o
    0x08002050   0x00000018   Code   RO         2461    i.SPI_Cmd           stm32f10x_spi.o
    0x08002068   0x00000058   Code   RO         2468    i.SPI_I2S_DeInit    stm32f10x_spi.o
    0x080020c0   0x00000012   Code   RO         2469    i.SPI_I2S_GetFlagStatus  stm32f10x_spi.o
    0x080020d2   0x00000006   Code   RO         2472    i.SPI_I2S_ReceiveData  stm32f10x_spi.o
    0x080020d8   0x00000004   Code   RO         2473    i.SPI_I2S_SendData  stm32f10x_spi.o
    0x080020dc   0x0000003c   Code   RO         2474    i.SPI_Init          stm32f10x_spi.o
    0x08002118   0x00000002   Code   RO         3480    i.SVC_Handler       stm32f10x_it.o
    0x0800211a   0x00000002   PAD
    0x0800211c   0x00000054   Code   RO         3383    i.SysTick_Config    delay.o
    0x08002170   0x00000002   Code   RO         3481    i.SysTick_Handler   stm32f10x_it.o
    0x08002172   0x00000002   PAD
    0x08002174   0x00000034   Code   RO         3482    i.USART2_IRQHandler  stm32f10x_it.o
    0x080021a8   0x00000054   Code   RO         3156    i.USART_GetITStatus  stm32f10x_usart.o
    0x080021fc   0x0000004a   Code   RO         3158    i.USART_ITConfig    stm32f10x_usart.o
    0x08002246   0x0000000a   Code   RO         3166    i.USART_ReceiveData  stm32f10x_usart.o
    0x08002250   0x00000004   Code   RO         3483    i.UsageFault_Handler  stm32f10x_it.o
    0x08002254   0x00000028   Code   RO         4106    i.__ARM_fpclassify  m_ws.l(fpclassify.o)
    0x0800227c   0x0000000e   Code   RO         3936    i._is_digit         c_w.l(__printf_wp.o)
    0x0800228a   0x00000006   Code   RO         3563    i._sys_exit         usart.o
    0x08002290   0x00000090   Code   RO         3613    i.check_fs          ff.o
    0x08002320   0x00000014   Code   RO         3614    i.chk_chr           ff.o
    0x08002334   0x0000001a   Code   RO         3615    i.clust2sect        ff.o
    0x0800234e   0x000000d6   Code   RO         3616    i.create_chain      ff.o
    0x08002424   0x00000120   Code   RO         3617    i.create_name       ff.o
    0x08002544   0x00000028   Code   RO         3384    i.delay_ms          delay.o
    0x0800256c   0x0000005c   Code   RO         3618    i.dir_alloc         ff.o
    0x080025c8   0x0000005c   Code   RO         3619    i.dir_find          ff.o
    0x08002624   0x00000110   Code   RO         3620    i.dir_next          ff.o
    0x08002734   0x0000003a   Code   RO         3622    i.dir_register      ff.o
    0x0800276e   0x0000009e   Code   RO         3624    i.dir_sdi           ff.o
    0x0800280c   0x0000003a   Code   RO          174    i.disk_initialize   diskio.o
    0x08002846   0x00000002   PAD
    0x08002848   0x00000068   Code   RO          175    i.disk_ioctl        diskio.o
    0x080028b0   0x0000005e   Code   RO          176    i.disk_read         diskio.o
    0x0800290e   0x00000006   Code   RO          177    i.disk_status       diskio.o
    0x08002914   0x0000004a   Code   RO          178    i.disk_write        diskio.o
    0x0800295e   0x00000020   Code   RO         3626    i.f_close           ff.o
    0x0800297e   0x00000002   PAD
    0x08002980   0x0000005c   Code   RO         3632    i.f_mount           ff.o
    0x080029dc   0x00000162   Code   RO         3633    i.f_open            ff.o
    0x08002b3e   0x000001a2   Code   RO         3638    i.f_read            ff.o
    0x08002ce0   0x000000b0   Code   RO         3642    i.f_sync            ff.o
    0x08002d90   0x00000388   Code   RO         3647    i.find_volume       ff.o
    0x08003118   0x00000090   Code   RO         3648    i.follow_path       ff.o
    0x080031a8   0x00000004   Code   RO         3564    i.fputc             usart.o
    0x080031ac   0x000000f2   Code   RO         3649    i.get_fat           ff.o
    0x0800329e   0x00000004   Code   RO          179    i.get_fattime       diskio.o
    0x080032a2   0x00000002   PAD
    0x080032a4   0x0000009c   Code   RO         3651    i.get_ldnumber      ff.o
    0x08003340   0x00000020   Code   RO         3652    i.ld_clust          ff.o
    0x08003360   0x00000164   Code   RO         3424    i.main              main.o
    0x080034c4   0x00000026   Code   RO         3653    i.mem_cmp           ff.o
    0x080034ea   0x0000001a   Code   RO         3654    i.mem_cpy           ff.o
    0x08003504   0x00000014   Code   RO         3655    i.mem_set           ff.o
    0x08003518   0x00000034   Code   RO         3656    i.move_window       ff.o
    0x0800354c   0x00000142   Code   RO         3657    i.put_fat           ff.o
    0x0800368e   0x0000006c   Code   RO         3659    i.remove_chain      ff.o
    0x080036fa   0x00000010   Code   RO         3660    i.st_clust          ff.o
    0x0800370a   0x000000c8   Code   RO         3661    i.sync_fs           ff.o
    0x080037d2   0x00000052   Code   RO         3662    i.sync_window       ff.o
    0x08003824   0x00000036   Code   RO         3663    i.validate          ff.o
    0x0800385a   0x00000002   PAD
    0x0800385c   0x0000002c   Code   RO         4093    locale$$code        c_w.l(lc_numeric_c.o)
    0x08003888   0x0000002c   Code   RO         4114    locale$$code        c_w.l(lc_ctype_c.o)
    0x080038b4   0x00000004   Code   RO         4021    x$fpl$printf1       fz_ws.l(printf1.o)
    0x080038b8   0x00000000   Code   RO         4105    x$fpl$usenofp       fz_ws.l(usenofp.o)
    0x080038b8   0x000000a0   Data   RO         3664    .constdata          ff.o
    0x08003958   0x00000011   Data   RO         3944    .constdata          c_w.l(__printf_flags_ss_wp.o)
    0x08003969   0x00000003   PAD
    0x0800396c   0x00000008   Data   RO         3968    .constdata          c_w.l(_printf_wctomb.o)
    0x08003974   0x00000028   Data   RO         3997    .constdata          c_w.l(_printf_hex_int_ll_ptr.o)
    0x0800399c   0x00000094   Data   RO         4068    .constdata          c_w.l(bigflt0.o)
    0x08003a30   0x00000030   Data   RO         3665    .conststring        ff.o
    0x08003a60   0x00000020   Data   RO         4236    Region$$Table       anon$$obj.o
    0x08003a80   0x0000001c   Data   RO         4092    locale$$data        c_w.l(lc_numeric_c.o)
    0x08003a9c   0x00000110   Data   RO         4113    locale$$data        c_w.l(lc_ctype_c.o)


    Execution Region RW_IRAM1 (Base: 0x20000000, Size: 0x00000738, Max: 0x00010000, ABSOLUTE)

    Base Addr    Size         Type   Attr      Idx    E Section Name        Object

    0x20000000   0x00000004   Data   RW            8    .data               spi1.o
    0x20000004   0x00000001   Data   RW          248    .data               mmc_sd.o
    0x20000005   0x00000001   PAD
    0x20000006   0x00000002   Data   RW         3386    .data               delay.o
    0x20000008   0x00000008   Data   RW         3427    .data               main.o
    0x20000010   0x00000004   Data   RW         3565    .data               usart.o
    0x20000014   0x00000006   Data   RW         3666    .data               ff.o
    0x2000001a   0x00000002   PAD
    0x2000001c   0x000004b8   Zero   RW         3426    .bss                main.o
    0x200004d4   0x00000060   Zero   RW         4109    .bss                c_w.l(libspace.o)
    0x20000534   0x00000004   PAD
    0x20000538   0x00000000   Zero   RW          341    HEAP                startup_stm32f10x_hd.o
    0x20000538   0x00000200   Zero   RW          340    STACK               startup_stm32f10x_hd.o


==============================================================================

Image component sizes


      Code (inc. data)   RO Data    RW Data    ZI Data      Debug   Object Name

       124         16          0          2          0       5579   delay.o
       340          4          0          0          0       4936   diskio.o
      4832         54        208          6          0      25884   ff.o
       356        198          0          8       1208       3899   main.o
      1234         24          0          1          0       8948   mmc_sd.o
       424         32          0          4          0     250175   spi1.o
        72         26        304          0        512        844   startup_stm32f10x_hd.o
       286          0          0          0          0       2764   stm32f10x_gpio.o
        78          4          0          0          0       3890   stm32f10x_it.o
        96         18          0          0          0       1515   stm32f10x_rcc.o
       200         12          0          0          0       3947   stm32f10x_spi.o
       168          0          0          0          0       3305   stm32f10x_usart.o
        12          0          0          4          0       2890   usart.o

    ----------------------------------------------------------------------
      8236        388        544         28       1720     318576   Object Totals
         0          0         32          0          0          0   (incl. Generated)
        14          0          0          3          0          0   (incl. Padding)

    ----------------------------------------------------------------------

      Code (inc. data)   RO Data    RW Data    ZI Data      Debug   Library Member Name

        24          4          0          0          0         84   __2printf.o
         8          0          0          0          0         68   __main.o
       392          4         17          0          0         92   __printf_flags_ss_wp.o
        14          0          0          0          0         68   __printf_wp.o
         0          0          0          0          0          0   __rtentry.o
        12          0          0          0          0          0   __rtentry2.o
         6          0          0          0          0          0   __rtentry4.o
        52          8          0          0          0          0   __scatter.o
        26          0          0          0          0          0   __scatter_copy.o
        28          0          0          0          0          0   __scatter_zi.o
         6          0          0          0          0          0   _printf_a.o
         6          0          0          0          0          0   _printf_c.o
        44          0          0          0          0        108   _printf_char.o
        48          6          0          0          0         96   _printf_char_common.o
        36          4          0          0          0         80   _printf_char_file.o
        40          0          0          0          0         68   _printf_charcount.o
         6          0          0          0          0          0   _printf_d.o
       120         16          0          0          0         92   _printf_dec.o
         6          0          0          0          0          0   _printf_e.o
         6          0          0          0          0          0   _printf_f.o
      1050          0          0          0          0        216   _printf_fp_dec.o
       128         16          0          0          0         84   _printf_fp_infnan.o
         6          0          0          0          0          0   _printf_g.o
       148          4         40          0          0        160   _printf_hex_int_ll_ptr.o
         6          0          0          0          0          0   _printf_i.o
       178          0          0          0          0         88   _printf_intcommon.o
        10          0          0          0          0          0   _printf_l.o
         6          0          0          0          0          0   _printf_lc.o
        10          0          0          0          0          0   _printf_ll.o
         6          0          0          0          0          0   _printf_lld.o
         6          0          0          0          0          0   _printf_lli.o
         6          0          0          0          0          0   _printf_llo.o
         6          0          0          0          0          0   _printf_llu.o
         6          0          0          0          0          0   _printf_llx.o
       124         16          0          0          0         92   _printf_longlong_dec.o
         6          0          0          0          0          0   _printf_ls.o
         6          0          0          0          0          0   _printf_n.o
         6          0          0          0          0          0   _printf_o.o
       112          8          0          0          0        124   _printf_oct_int_ll.o
         6          0          0          0          0          0   _printf_p.o
        78          0          0          0          0        108   _printf_pad.o
         0          0          0          0          0          0   _printf_percent.o
         4          0          0          0          0          0   _printf_percent_end.o
         6          0          0          0          0          0   _printf_s.o
        82          0          0          0          0         80   _printf_str.o
        36          0          0          0          0         84   _printf_truncate.o
         6          0          0          0          0          0   _printf_u.o
        44          0          0          0          0        108   _printf_wchar.o
       188          6          8          0          0         92   _printf_wctomb.o
         6          0          0          0          0          0   _printf_x.o
        64          0          0          0          0         92   _wcrtomb.o
       220          4        148          0          0         96   bigflt0.o
      1910        128          0          0          0        672   btod.o
        24          4          0          0          0         84   c89printf.o
        18          0          0          0          0         80   exit.o
         8          0          0          0          0         68   ferror.o
         6          0          0          0          0        152   heapauxi.o
        44         10        272          0          0         76   lc_ctype_c.o
        44         10         28          0          0         76   lc_numeric_c.o
         2          0          0          0          0          0   libinit.o
        30          0          0          0          0          0   libinit2.o
         2          0          0          0          0          0   libshutdown.o
         2          0          0          0          0          0   libshutdown2.o
         8          4          0          0         96         68   libspace.o
       138          0          0          0          0         80   lludiv10.o
        16          4          0          0          0         76   rt_ctype_table.o
         8          4          0          0          0         68   rt_locale_intlibspace.o
         2          0          0          0          0          0   rtexit.o
        10          0          0          0          0          0   rtexit2.o
       128          0          0          0          0         68   strcmpv7m.o
        74          0          0          0          0         80   sys_stackheap_outer.o
         2          0          0          0          0         68   use_no_semi.o
         2          0          0          0          0         68   use_no_semi_2.o
         4          0          0          0          0         68   printf1.o
         0          0          0          0          0          0   usenofp.o
        40          0          0          0          0         68   fpclassify.o

    ----------------------------------------------------------------------
      5980        260        516          0        100       4100   Library Totals
        12          0          3          0          4          0   (incl. Padding)

    ----------------------------------------------------------------------

      Code (inc. data)   RO Data    RW Data    ZI Data      Debug   Library Name

      5924        260        513          0         96       3964   c_w.l
         4          0          0          0          0         68   fz_ws.l
        40          0          0          0          0         68   m_ws.l

    ----------------------------------------------------------------------
      5980        260        516          0        100       4100   Library Totals

    ----------------------------------------------------------------------

==============================================================================


      Code (inc. data)   RO Data    RW Data    ZI Data      Debug   

     14216        648       1060         28       1820     316068   Grand Totals
     14216        648       1060         28       1820     316068   ELF Image Totals
     14216        648       1060         28          0          0   ROM Totals

==============================================================================

    Total RO  Size (Code + RO Data)                15276 (  14.92kB)
    Total RW  Size (RW Data + ZI Data)              1848 (   1.80kB)
    Total ROM Size (Code + RO Data + RW Data)      15304 (  14.95kB)

==============================================================================

